#-----------------------------------------------------------
# Vivado v2019.1 (64-bit)
# SW Build 2552052 on Fri May 24 14:49:42 MDT 2019
# IP Build 2548770 on Fri May 24 18:01:18 MDT 2019
# Start of session at: Fri Dec  6 22:02:17 2019
# Process ID: 2000
# Current directory: C:/Users/Jacob/source/repos/ECE-510-Final-Hardware-Project/ECE510_Hardware_Project
# Command line: vivado.exe -gui_launcher_event rodinguilauncherevent21608 C:\Users\Jacob\source\repos\ECE-510-Final-Hardware-Project\ECE510_Hardware_Project\ECE510_Hardware_Project.xpr
# Log file: C:/Users/Jacob/source/repos/ECE-510-Final-Hardware-Project/ECE510_Hardware_Project/vivado.log
# Journal file: C:/Users/Jacob/source/repos/ECE-510-Final-Hardware-Project/ECE510_Hardware_Project\vivado.jou
#-----------------------------------------------------------
start_gui
open_project C:/Users/Jacob/source/repos/ECE-510-Final-Hardware-Project/ECE510_Hardware_Project/ECE510_Hardware_Project.xpr
launch_simulation
update_compile_order -fileset sources_1
close [ open C:/Users/Jacob/source/repos/ECE-510-Final-Hardware-Project/ECE510_Hardware_Project/ECE510_Hardware_Project.srcs/sources_1/new/CNTxALU.vhd w ]
add_files C:/Users/Jacob/source/repos/ECE-510-Final-Hardware-Project/ECE510_Hardware_Project/ECE510_Hardware_Project.srcs/sources_1/new/CNTxALU.vhd
update_compile_order -fileset sources_1
set_property is_enabled false [get_files  {C:/Users/Jacob/source/repos/ECE-510-Final-Hardware-Project/ECE510_Hardware_Project/ECE510_Hardware_Project.srcs/sources_1/new/CNTxALU.vhd C:/Users/Jacob/source/repos/ECE-510-Final-Hardware-Project/ECE510_Hardware_Project/ECE510_Hardware_Project.srcs/sources_1/new/TENxCOUNTER.vhd}]
launch_simulation
launch_simulation
source Demux.tcl
add_force {/Demux/SEL} -radix hex {0 100ns} {1 150000ps} -repeat_every 100000ps
run 1000 ns
run 10000 ns
add_force {/Demux/SEL} -radix hex {0 10ns} {1 60000ps} -repeat_every 100000ps
run 1000 ns
restart
run 1000 ns
run 1000 ms
restart
run 1000 ns
add_force {/Demux/SEL} -radix hex {1 100ns}
restart
run 1000 ns
add_force {/Demux/SEL} -radix bin {1 100ns}
run 1000 ns
add_force {/Demux/PRE} -radix unsigned {100 0ns}
run 1000 ns
run 1000 ns
run 1000 ns
restart
close_sim
launch_simulation
source Demux.tcl
add_force {/Demux/PRE} -radix hex {1000 0ns} -cancel_after 500ns
add_force {/Demux/PRE} -radix unsigned {1000 0ns} -cancel_after 500ns
add_force {/Demux/PRE} -radix unsigned {100 0ns} -cancel_after 500ns
add_force {/Demux/SEL} -radix bin {0 0ns} {1 50000ps} -repeat_every 100000ps
run 1000 ns
set_property is_enabled false [get_files  C:/Users/Jacob/source/repos/ECE-510-Final-Hardware-Project/ECE510_Hardware_Project/ECE510_Hardware_Project.srcs/sources_1/new/Demux.vhd]
set_property is_enabled true [get_files  C:/Users/Jacob/source/repos/ECE-510-Final-Hardware-Project/ECE510_Hardware_Project/ECE510_Hardware_Project.srcs/sources_1/new/TENxCOUNTER.vhd]
close_sim
launch_simulation
source Demux.tcl
restart
close_sim
launch_simulation
launch_simulation
source TENxCOUNTER.tcl
restart
add_force {/TENxCOUNTER/CLK} -radix unsigned {0 0ns} {1 5000ps} -repeat_every 10000ps
add_force {/TENxCOUNTER/CNTDIR} -radix hex {0 0ns}
run 1000 ns
restart
add_force {/TENxCOUNTER/CLK} -radix hex {0 0ns} {1 5000ps} -repeat_every 10000ps
run 1000 ns
close_sim
launch_simulation
launch_simulation
source TENxCOUNTER.tcl
restart
add_force {/TENxCOUNTER/CLK} -radix hex {0 0ns} {1 5000ps} -repeat_every 10000ps
run 1000 ns
close_sim
launch_simulation
launch_simulation
source TENxCOUNTER.tcl
add_force {/TENxCOUNTER/CLK} -radix hex {0 0ns} {1 5000ps} -repeat_every 10000ps
restart
run 1000 ns
restart
add_force {/TENxCOUNTER/CLK} -radix hex {0 0ns} {1 5000ps} -repeat_every 10000ps
run 1000 ns
add_force {/TENxCOUNTER/CNTDIR} -radix hex {1 250ns}
run 1000 ns
add_force {/TENxCOUNTER/RST} -radix hex {1 0ns}
run 1000 ns
close_sim
launch_simulation
source TENxCOUNTER.tcl
restart
add_force {/TENxCOUNTER/CLK} -radix hex {0 0ns} {1 50000ps} -repeat_every 100000ps
run 1000 ns
run 1000 ns
close_sim
launch_simulation
source TENxCOUNTER.tcl
restart
add_force {/TENxCOUNTER/CLK} -radix hex {0 0ns} {1 50000ps} -repeat_every 100000ps
run 1000 ns
close_sim
launch_simulation
source TENxCOUNTER.tcl
restart
add_force {/TENxCOUNTER/CLK} -radix hex {0 0ns} {1 50000ps} -repeat_every 100000ps
run 1000 ns
add_force {/TENxCOUNTER/CLK} -radix hex {0 0ns} {1 5000ps} -repeat_every 10000ps
run 1000 ns
add_bp {C:/Users/Jacob/source/repos/ECE-510-Final-Hardware-Project/ECE510_Hardware_Project/ECE510_Hardware_Project.srcs/sources_1/new/TENxCOUNTER.vhd} 21
run 1000 ns
step
step
step
close_sim
launch_simulation
source TENxCOUNTER.tcl
step
add_force {/TENxCOUNTER/CLK} -radix hex {0 0ns} {1 50000ps} -repeat_every 100000ps
run 1000 ns
step
step
step
step
step
step
step
step
step
step
run 1000 ns
remove_bps -file {C:/Users/Jacob/source/repos/ECE-510-Final-Hardware-Project/ECE510_Hardware_Project/ECE510_Hardware_Project.srcs/sources_1/new/TENxCOUNTER.vhd} -line 21
run 1000 ns
add_bp {C:/Users/Jacob/source/repos/ECE-510-Final-Hardware-Project/ECE510_Hardware_Project/ECE510_Hardware_Project.srcs/sources_1/new/TENxCOUNTER.vhd} 21
restart
add_force {/TENxCOUNTER/CLK} -radix hex {0 0ns} {1 50000ps} -repeat_every 100000ps
run 1000 ns
step
step
step
step
step
step
step
count
step
run 1000 ns
remove_bps -file {C:/Users/Jacob/source/repos/ECE-510-Final-Hardware-Project/ECE510_Hardware_Project/ECE510_Hardware_Project.srcs/sources_1/new/TENxCOUNTER.vhd} -line 21
run 1000 ns
run 1000 ns
close_sim
launch_simulation
source TENxCOUNTER.tcl
restart
add_force {/TENxCOUNTER/CLK} -radix hex {0 0ns} {1 50000ps} -repeat_every 100000ps
run 1000 ns
close_sim
launch_simulation
source TENxCOUNTER.tcl
add_force {/TENxCOUNTER/CLK} -radix hex {0 0ns} {1 50000ps} -repeat_every 100000ps
run 1000 ns
close_sim
launch_simulation
launch_simulation
source TENxCOUNTER.tcl
update_compile_order -fileset sources_1
update_compile_order -fileset sources_1
close_sim
launch_simulation
source TENxCOUNTER.tcl
add_force {/TENxCOUNTER/CLK} -radix hex {0 0ns} {1 50000ps} -repeat_every 100000ps
run 1000 ns
add_force {/TENxCOUNTER/RST} -radix hex {1 0ns}
run 1000 ns
remove_forces { {/TENxCOUNTER/RST} }
run 1000 ns
add_force {/TENxCOUNTER/PRE} -radix hex {1 0ns}
add_force {/TENxCOUNTER/PREVAL} -radix unsigned {1000 0ns}
add_force {/TENxCOUNTER/PREVAL} -radix dec {1000 0ns}
add_force {/TENxCOUNTER/PREVAL} -radix unsigned {999 0ns}
add_force {/TENxCOUNTER/PREVAL} -radix unsigned {100 0ns}
run 1000 ns
add_force {/TENxCOUNTER/RST} -radix hex {1 500ns}
run 1000 ns
close_sim
