#-----------------------------------------------------------
# Vivado v2019.1 (64-bit)
# SW Build 2552052 on Fri May 24 14:49:42 MDT 2019
# IP Build 2548770 on Fri May 24 18:01:18 MDT 2019
# Start of session at: Sat Dec  7 13:06:05 2019
# Process ID: 4248
# Current directory: C:/Users/Jacob/source/repos/ECE-510-Final-Hardware-Project/ECE510_Hardware_Project
# Command line: vivado.exe -gui_launcher_event rodinguilauncherevent5980 C:\Users\Jacob\source\repos\ECE-510-Final-Hardware-Project\ECE510_Hardware_Project\ECE510_Hardware_Project.xpr
# Log file: C:/Users/Jacob/source/repos/ECE-510-Final-Hardware-Project/ECE510_Hardware_Project/vivado.log
# Journal file: C:/Users/Jacob/source/repos/ECE-510-Final-Hardware-Project/ECE510_Hardware_Project\vivado.jou
#-----------------------------------------------------------
start_gui
open_project C:/Users/Jacob/source/repos/ECE-510-Final-Hardware-Project/ECE510_Hardware_Project/ECE510_Hardware_Project.xpr
update_compile_order -fileset sources_1
add_files -fileset constrs_1 -norecurse C:/Users/Jacob/source/repos/ECE511_VHDLLabs/Lab8/SSG.xdc
import_files -fileset constrs_1 C:/Users/Jacob/source/repos/ECE511_VHDLLabs/Lab8/SSG.xdc
import_files -norecurse C:/Users/Jacob/source/repos/ECE511_VHDLLabs/Lab8/Sev_Seg.vhd
update_compile_order -fileset sources_1
set_property is_enabled false [get_files  C:/Users/Jacob/source/repos/ECE-510-Final-Hardware-Project/ECE510_Hardware_Project/ECE510_Hardware_Project.srcs/sources_1/new/TENxCOUNTER.vhd]
update_compile_order -fileset sources_1
set_property is_enabled true [get_files  C:/Users/Jacob/source/repos/ECE-510-Final-Hardware-Project/ECE510_Hardware_Project/ECE510_Hardware_Project.srcs/sources_1/new/CNTxALU.vhd]
update_compile_order -fileset sources_1
update_compile_order -fileset sources_1
launch_runs impl_1 -to_step write_bitstream -jobs 2
wait_on_run impl_1
update_compile_order -fileset sources_1
reset_run synth_1
launch_runs impl_1 -to_step write_bitstream -jobs 2
wait_on_run impl_1
open_hw
connect_hw_server -url localhost:3121
current_hw_target [get_hw_targets */xilinx_tcf/Digilent/210183AB4D5CA]
set_property PARAM.FREQUENCY 15000000 [get_hw_targets */xilinx_tcf/Digilent/210183AB4D5CA]
open_hw_target
set_property PROGRAM.FILE {C:/Users/Jacob/source/repos/ECE-510-Final-Hardware-Project/ECE510_Hardware_Project/ECE510_Hardware_Project.runs/impl_1/CNTxALU.bit} [get_hw_devices xc7a35t_0]
current_hw_device [get_hw_devices xc7a35t_0]
refresh_hw_device -update_hw_probes false [lindex [get_hw_devices xc7a35t_0] 0]
set_property PROBES.FILE {} [get_hw_devices xc7a35t_0]
set_property FULL_PROBES.FILE {} [get_hw_devices xc7a35t_0]
set_property PROGRAM.FILE {C:/Users/Jacob/source/repos/ECE-510-Final-Hardware-Project/ECE510_Hardware_Project/ECE510_Hardware_Project.runs/impl_1/CNTxALU.bit} [get_hw_devices xc7a35t_0]
program_hw_devices [get_hw_devices xc7a35t_0]
refresh_hw_device [lindex [get_hw_devices xc7a35t_0] 0]
reset_run synth_1
launch_runs impl_1 -to_step write_bitstream -jobs 2
wait_on_run impl_1
set_property PROBES.FILE {} [get_hw_devices xc7a35t_0]
set_property FULL_PROBES.FILE {} [get_hw_devices xc7a35t_0]
set_property PROGRAM.FILE {C:/Users/Jacob/source/repos/ECE-510-Final-Hardware-Project/ECE510_Hardware_Project/ECE510_Hardware_Project.runs/impl_1/CNTxALU.bit} [get_hw_devices xc7a35t_0]
program_hw_devices [get_hw_devices xc7a35t_0]
refresh_hw_device [lindex [get_hw_devices xc7a35t_0] 0]
reset_run synth_1
launch_runs impl_1 -to_step write_bitstream -jobs 2
wait_on_run impl_1
set_property PROBES.FILE {} [get_hw_devices xc7a35t_0]
set_property FULL_PROBES.FILE {} [get_hw_devices xc7a35t_0]
set_property PROGRAM.FILE {C:/Users/Jacob/source/repos/ECE-510-Final-Hardware-Project/ECE510_Hardware_Project/ECE510_Hardware_Project.runs/impl_1/CNTxALU.bit} [get_hw_devices xc7a35t_0]
program_hw_devices [get_hw_devices xc7a35t_0]
refresh_hw_device [lindex [get_hw_devices xc7a35t_0] 0]
reset_run synth_1
launch_runs impl_1 -to_step write_bitstream -jobs 4
wait_on_run impl_1
set_property PROBES.FILE {} [get_hw_devices xc7a35t_0]
set_property FULL_PROBES.FILE {} [get_hw_devices xc7a35t_0]
set_property PROGRAM.FILE {C:/Users/Jacob/source/repos/ECE-510-Final-Hardware-Project/ECE510_Hardware_Project/ECE510_Hardware_Project.runs/impl_1/CNTxALU.bit} [get_hw_devices xc7a35t_0]
program_hw_devices [get_hw_devices xc7a35t_0]
refresh_hw_device [lindex [get_hw_devices xc7a35t_0] 0]
reset_run impl_1 -prev_step 
launch_runs impl_1 -to_step write_bitstream -jobs 4
wait_on_run impl_1
set_property PROBES.FILE {} [get_hw_devices xc7a35t_0]
set_property FULL_PROBES.FILE {} [get_hw_devices xc7a35t_0]
set_property PROGRAM.FILE {C:/Users/Jacob/source/repos/ECE-510-Final-Hardware-Project/ECE510_Hardware_Project/ECE510_Hardware_Project.runs/impl_1/CNTxALU.bit} [get_hw_devices xc7a35t_0]
program_hw_devices [get_hw_devices xc7a35t_0]
refresh_hw_device [lindex [get_hw_devices xc7a35t_0] 0]
reset_run synth_1
launch_runs impl_1 -to_step write_bitstream -jobs 4
wait_on_run impl_1
set_property PROBES.FILE {} [get_hw_devices xc7a35t_0]
set_property FULL_PROBES.FILE {} [get_hw_devices xc7a35t_0]
set_property PROGRAM.FILE {C:/Users/Jacob/source/repos/ECE-510-Final-Hardware-Project/ECE510_Hardware_Project/ECE510_Hardware_Project.runs/impl_1/CNTxALU.bit} [get_hw_devices xc7a35t_0]
program_hw_devices [get_hw_devices xc7a35t_0]
refresh_hw_device [lindex [get_hw_devices xc7a35t_0] 0]
close_hw
reset_run synth_1
launch_runs impl_1 -to_step write_bitstream -jobs 4
wait_on_run impl_1
open_hw
connect_hw_server -url localhost:3121
current_hw_target [get_hw_targets */xilinx_tcf/Digilent/210183AB4D5CA]
set_property PARAM.FREQUENCY 15000000 [get_hw_targets */xilinx_tcf/Digilent/210183AB4D5CA]
open_hw_target
set_property PROGRAM.FILE {C:/Users/Jacob/source/repos/ECE-510-Final-Hardware-Project/ECE510_Hardware_Project/ECE510_Hardware_Project.runs/impl_1/CNTxALU.bit} [get_hw_devices xc7a35t_0]
current_hw_device [get_hw_devices xc7a35t_0]
refresh_hw_device -update_hw_probes false [lindex [get_hw_devices xc7a35t_0] 0]
set_property PROBES.FILE {} [get_hw_devices xc7a35t_0]
set_property FULL_PROBES.FILE {} [get_hw_devices xc7a35t_0]
set_property PROGRAM.FILE {C:/Users/Jacob/source/repos/ECE-510-Final-Hardware-Project/ECE510_Hardware_Project/ECE510_Hardware_Project.runs/impl_1/CNTxALU.bit} [get_hw_devices xc7a35t_0]
program_hw_devices [get_hw_devices xc7a35t_0]
refresh_hw_device [lindex [get_hw_devices xc7a35t_0] 0]
reset_run synth_1
launch_runs impl_1 -to_step write_bitstream -jobs 4
wait_on_run impl_1
set_property PROBES.FILE {} [get_hw_devices xc7a35t_0]
set_property FULL_PROBES.FILE {} [get_hw_devices xc7a35t_0]
set_property PROGRAM.FILE {C:/Users/Jacob/source/repos/ECE-510-Final-Hardware-Project/ECE510_Hardware_Project/ECE510_Hardware_Project.runs/impl_1/CNTxALU.bit} [get_hw_devices xc7a35t_0]
program_hw_devices [get_hw_devices xc7a35t_0]
refresh_hw_device [lindex [get_hw_devices xc7a35t_0] 0]
reset_run synth_1
launch_runs impl_1 -to_step write_bitstream -jobs 4
wait_on_run impl_1
set_property PROBES.FILE {} [get_hw_devices xc7a35t_0]
set_property FULL_PROBES.FILE {} [get_hw_devices xc7a35t_0]
set_property PROGRAM.FILE {C:/Users/Jacob/source/repos/ECE-510-Final-Hardware-Project/ECE510_Hardware_Project/ECE510_Hardware_Project.runs/impl_1/CNTxALU.bit} [get_hw_devices xc7a35t_0]
program_hw_devices [get_hw_devices xc7a35t_0]
refresh_hw_device [lindex [get_hw_devices xc7a35t_0] 0]
reset_run synth_1
launch_runs impl_1 -to_step write_bitstream -jobs 4
wait_on_run impl_1
set_property PROBES.FILE {} [get_hw_devices xc7a35t_0]
set_property FULL_PROBES.FILE {} [get_hw_devices xc7a35t_0]
set_property PROGRAM.FILE {C:/Users/Jacob/source/repos/ECE-510-Final-Hardware-Project/ECE510_Hardware_Project/ECE510_Hardware_Project.runs/impl_1/CNTxALU.bit} [get_hw_devices xc7a35t_0]
program_hw_devices [get_hw_devices xc7a35t_0]
refresh_hw_device [lindex [get_hw_devices xc7a35t_0] 0]
reset_run synth_1
launch_runs impl_1 -to_step write_bitstream -jobs 4
wait_on_run impl_1
set_property PROBES.FILE {} [get_hw_devices xc7a35t_0]
set_property FULL_PROBES.FILE {} [get_hw_devices xc7a35t_0]
set_property PROGRAM.FILE {C:/Users/Jacob/source/repos/ECE-510-Final-Hardware-Project/ECE510_Hardware_Project/ECE510_Hardware_Project.runs/impl_1/CNTxALU.bit} [get_hw_devices xc7a35t_0]
program_hw_devices [get_hw_devices xc7a35t_0]
refresh_hw_device [lindex [get_hw_devices xc7a35t_0] 0]
reset_run synth_1
launch_runs impl_1 -to_step write_bitstream -jobs 4
wait_on_run impl_1
launch_simulation
source CNTxALU.tcl
add_force {/CNTxALU/clk_100MHz} -radix hex {0 0ns} {1 50000ps} -repeat_every 100000ps
run 3750 ns
reset_run synth_1
launch_runs impl_1 -to_step write_bitstream -jobs 4
wait_on_run impl_1
close_sim
set_property PROBES.FILE {} [get_hw_devices xc7a35t_0]
set_property FULL_PROBES.FILE {} [get_hw_devices xc7a35t_0]
set_property PROGRAM.FILE {C:/Users/Jacob/source/repos/ECE-510-Final-Hardware-Project/ECE510_Hardware_Project/ECE510_Hardware_Project.runs/impl_1/CNTxALU.bit} [get_hw_devices xc7a35t_0]
program_hw_devices [get_hw_devices xc7a35t_0]
refresh_hw_device [lindex [get_hw_devices xc7a35t_0] 0]
update_compile_order -fileset sources_1
reset_run synth_1
launch_runs impl_1 -to_step write_bitstream -jobs 4
wait_on_run impl_1
update_compile_order -fileset sources_1
reset_run synth_1
launch_runs impl_1 -to_step write_bitstream -jobs 4
wait_on_run impl_1
set_property PROBES.FILE {} [get_hw_devices xc7a35t_0]
set_property FULL_PROBES.FILE {} [get_hw_devices xc7a35t_0]
set_property PROGRAM.FILE {C:/Users/Jacob/source/repos/ECE-510-Final-Hardware-Project/ECE510_Hardware_Project/ECE510_Hardware_Project.runs/impl_1/CNTxALU.bit} [get_hw_devices xc7a35t_0]
program_hw_devices [get_hw_devices xc7a35t_0]
refresh_hw_device [lindex [get_hw_devices xc7a35t_0] 0]
update_compile_order -fileset sources_1
close [ open C:/Users/Jacob/source/repos/ECE-510-Final-Hardware-Project/ECE510_Hardware_Project/ECE510_Hardware_Project.srcs/sources_1/new/bin_to_bcd.vhd w ]
add_files C:/Users/Jacob/source/repos/ECE-510-Final-Hardware-Project/ECE510_Hardware_Project/ECE510_Hardware_Project.srcs/sources_1/new/bin_to_bcd.vhd
update_compile_order -fileset sources_1
close_hw
set_property is_enabled false [get_files  C:/Users/Jacob/source/repos/ECE-510-Final-Hardware-Project/ECE510_Hardware_Project/ECE510_Hardware_Project.srcs/sources_1/new/bin_to_bcd.vhd]
reset_run synth_1
launch_runs impl_1 -to_step write_bitstream -jobs 4
wait_on_run impl_1
update_compile_order -fileset sources_1
set_property is_enabled false [get_files  C:/Users/Jacob/source/repos/ECE-510-Final-Hardware-Project/ECE510_Hardware_Project/ECE510_Hardware_Project.srcs/sources_1/new/CNTxALU.vhd]
set_property is_enabled true [get_files  C:/Users/Jacob/source/repos/ECE-510-Final-Hardware-Project/ECE510_Hardware_Project/ECE510_Hardware_Project.srcs/sources_1/new/bin_to_bcd.vhd]
update_compile_order -fileset sources_1
launch_simulation
launch_simulation
source sev_seg.tcl
restart
add_force {/sev_seg/SSDI} -radix unsigned {1000 0ns}
run 3750 ns
set_property is_enabled false [get_files  C:/Users/Jacob/source/repos/ECE-510-Final-Hardware-Project/ECE510_Hardware_Project/ECE510_Hardware_Project.srcs/sources_1/imports/Lab8/Sev_Seg.vhd]
update_compile_order -fileset sources_1
close_sim
launch_simulation
launch_simulation
launch_simulation
set_property is_enabled false [get_files  C:/Users/Jacob/source/repos/ECE-510-Final-Hardware-Project/ECE510_Hardware_Project/ECE510_Hardware_Project.srcs/constrs_1/imports/Lab8/SSG.xdc]
launch_simulation
