#-----------------------------------------------------------
# Vivado v2019.1 (64-bit)
# SW Build 2552052 on Fri May 24 14:49:42 MDT 2019
# IP Build 2548770 on Fri May 24 18:01:18 MDT 2019
# Start of session at: Sat Dec  7 20:57:39 2019
# Process ID: 8828
# Current directory: C:/Users/Jacob/source/repos/ECE-510-Final-Hardware-Project/ECE510_Hardware_Project
# Command line: vivado.exe -gui_launcher_event rodinguilauncherevent12052 C:\Users\Jacob\source\repos\ECE-510-Final-Hardware-Project\ECE510_Hardware_Project\ECE510_Hardware_Project.xpr
# Log file: C:/Users/Jacob/source/repos/ECE-510-Final-Hardware-Project/ECE510_Hardware_Project/vivado.log
# Journal file: C:/Users/Jacob/source/repos/ECE-510-Final-Hardware-Project/ECE510_Hardware_Project\vivado.jou
#-----------------------------------------------------------
start_gui
open_project C:/Users/Jacob/source/repos/ECE-510-Final-Hardware-Project/ECE510_Hardware_Project/ECE510_Hardware_Project.xpr
update_compile_order -fileset sources_1

launch_simulation
source sev_seg.tcl
add_force {/sev_seg/SSDI} -radix bin {0000000000000010 0ns}
run 3750 ns
add_bp {C:/Users/Jacob/source/repos/ECE-510-Final-Hardware-Project/ECE510_Hardware_Project/ECE510_Hardware_Project.srcs/sources_1/imports/Lab8/Sev_Seg.vhd} 64
run 3750 ns
restart
add_force {/sev_seg/SSDI} -radix unsigned {2 0ns}
run 3750 ns
step
step
step
add_bp {C:/Users/Jacob/source/repos/ECE-510-Final-Hardware-Project/ECE510_Hardware_Project/ECE510_Hardware_Project.srcs/sources_1/imports/Lab8/Sev_Seg.vhd} 65
remove_bps -file {C:/Users/Jacob/source/repos/ECE-510-Final-Hardware-Project/ECE510_Hardware_Project/ECE510_Hardware_Project.srcs/sources_1/imports/Lab8/Sev_Seg.vhd} -line 64
run 3750 ns
restart
run 3750 ns
add_force {/sev_seg/Refresh_Rate} -radix hex {0 0ns} {1 50000ps} -repeat_every 100000ps
run 3750 ns
restart
add_force {/sev_seg/Refresh_Rate} -radix bin {0 0ns} {1 50000ps} -repeat_every 100000ps
add_force {/sev_seg/Refresh_Rate} -radix bin {00000000000000000000 0ns} {11111111111111111111 50000ps} -repeat_every 100000ps
run 3750 ns
step
step
step
step
step
step
step
step
step
step
step
step
step
step
step
step
step
step
step
step
remove_bps -file {C:/Users/Jacob/source/repos/ECE-510-Final-Hardware-Project/ECE510_Hardware_Project/ECE510_Hardware_Project.srcs/sources_1/imports/Lab8/Sev_Seg.vhd} -line 65
close_sim
launch_simulation
source sev_seg.tcl
add_force {/sev_seg/Refresh_Rate} -radix hex {00000000000000000000 0ns} {11111111111111111111 50000ps} -repeat_every 100000ps
add_force {/sev_seg/Refresh_Rate} -radix hex {00000000000000000000 0ns} {11111111111111111111 50000ps} -repeat_every 100000ps
add_force {/sev_seg/Refresh_Rate} -radix bin {00000000000000000000 0ns} {11111111111111111111 50000ps} -repeat_every 100000ps
add_force {/sev_seg/SSDI} -radix bin {000000000000010 0ns}
run 3750 ns
step
step
step
step
step
add_bp {C:/Users/Jacob/source/repos/ECE-510-Final-Hardware-Project/ECE510_Hardware_Project/ECE510_Hardware_Project.srcs/sources_1/imports/Lab8/Sev_Seg.vhd} 68
step
step
step
step
step
step
remove_bps -file {C:/Users/Jacob/source/repos/ECE-510-Final-Hardware-Project/ECE510_Hardware_Project/ECE510_Hardware_Project.srcs/sources_1/imports/Lab8/Sev_Seg.vhd} -line 68
step
step
step
run 3750 ns
run all
run 3750 ns
run 3750 ns
run 3750 ns
close_sim
launch_simulation
source sev_seg.tcl
run 3750 ns
restart
add_force {/sev_seg/Refresh_Rate} -radix bin {00000000000000000000 0ns} {11111111111111111111 50000ps} -repeat_every 100000ps
reset_run synth_1
launch_runs impl_1 -to_step write_bitstream -jobs 4
wait_on_run impl_1
open_hw
close_hw
close_sim
reset_run impl_1 -prev_step 
launch_runs impl_1 -to_step write_bitstream -jobs 4
wait_on_run impl_1
set_property is_enabled true [get_files  C:/Users/Jacob/source/repos/ECE-510-Final-Hardware-Project/ECE510_Hardware_Project/ECE510_Hardware_Project.srcs/sources_1/new/CNTxALU.vhd]
update_compile_order -fileset sources_1
reset_run synth_1
launch_runs impl_1 -to_step write_bitstream -jobs 4
wait_on_run impl_1
open_hw
connect_hw_server -url localhost:3121
current_hw_target [get_hw_targets */xilinx_tcf/Digilent/210183AB4D5CA]
set_property PARAM.FREQUENCY 15000000 [get_hw_targets */xilinx_tcf/Digilent/210183AB4D5CA]
open_hw_target
current_hw_device [get_hw_devices xc7a35t_0]
refresh_hw_device -update_hw_probes false [lindex [get_hw_devices xc7a35t_0] 0]
set_property PROBES.FILE {} [get_hw_devices xc7a35t_0]
set_property FULL_PROBES.FILE {} [get_hw_devices xc7a35t_0]
set_property PROGRAM.FILE {C:/Users/Jacob/source/repos/ECE-510-Final-Hardware-Project/ECE510_Hardware_Project/ECE510_Hardware_Project.runs/impl_1/CNTxALU.bit} [get_hw_devices xc7a35t_0]
program_hw_devices [get_hw_devices xc7a35t_0]
refresh_hw_device [lindex [get_hw_devices xc7a35t_0] 0]
reset_run synth_1
launch_runs impl_1 -to_step write_bitstream -jobs 4
wait_on_run impl_1
reset_run synth_1
launch_runs impl_1 -to_step write_bitstream -jobs 4
wait_on_run impl_1
set_property PROBES.FILE {} [get_hw_devices xc7a35t_0]
set_property FULL_PROBES.FILE {} [get_hw_devices xc7a35t_0]
set_property PROGRAM.FILE {C:/Users/Jacob/source/repos/ECE-510-Final-Hardware-Project/ECE510_Hardware_Project/ECE510_Hardware_Project.runs/impl_1/CNTxALU.bit} [get_hw_devices xc7a35t_0]
program_hw_devices [get_hw_devices xc7a35t_0]
refresh_hw_device [lindex [get_hw_devices xc7a35t_0] 0]
reset_run synth_1
launch_runs impl_1 -to_step write_bitstream -jobs 4
wait_on_run impl_1
reset_run synth_1
launch_runs impl_1 -to_step write_bitstream -jobs 4
wait_on_run impl_1
set_property PROBES.FILE {} [get_hw_devices xc7a35t_0]
set_property FULL_PROBES.FILE {} [get_hw_devices xc7a35t_0]
set_property PROGRAM.FILE {C:/Users/Jacob/source/repos/ECE-510-Final-Hardware-Project/ECE510_Hardware_Project/ECE510_Hardware_Project.runs/impl_1/CNTxALU.bit} [get_hw_devices xc7a35t_0]
program_hw_devices [get_hw_devices xc7a35t_0]
refresh_hw_device [lindex [get_hw_devices xc7a35t_0] 0]
launch_simulation
source CNTxALU.tcl
add_force {/CNTxALU/clk_100MHz} -radix bin {00000000000000000000 0ns} {11111111111111111111 50000ps} -repeat_every 100000ps
add_force {/CNTxALU/clk_100MHz} -radix bin {0 0ns} {1 50000ps} -repeat_every 100000ps
run 3750 ns
add_bp {C:/Users/Jacob/source/repos/ECE-510-Final-Hardware-Project/ECE510_Hardware_Project/ECE510_Hardware_Project.srcs/sources_1/imports/Lab8/Sev_Seg.vhd} 65
run 3750 ns
synth_design -rtl -name rtl_1
refresh_design
reset_run synth_1
launch_runs impl_1 -to_step write_bitstream -jobs 4
wait_on_run impl_1
refresh_design
close_design
close_sim
set_property PROBES.FILE {} [get_hw_devices xc7a35t_0]
set_property FULL_PROBES.FILE {} [get_hw_devices xc7a35t_0]
set_property PROGRAM.FILE {C:/Users/Jacob/source/repos/ECE-510-Final-Hardware-Project/ECE510_Hardware_Project/ECE510_Hardware_Project.runs/impl_1/CNTxALU.bit} [get_hw_devices xc7a35t_0]
program_hw_devices [get_hw_devices xc7a35t_0]
refresh_hw_device [lindex [get_hw_devices xc7a35t_0] 0]
reset_run synth_1
launch_runs impl_1 -to_step write_bitstream -jobs 4
wait_on_run impl_1
set_property PROBES.FILE {} [get_hw_devices xc7a35t_0]
set_property FULL_PROBES.FILE {} [get_hw_devices xc7a35t_0]
set_property PROGRAM.FILE {C:/Users/Jacob/source/repos/ECE-510-Final-Hardware-Project/ECE510_Hardware_Project/ECE510_Hardware_Project.runs/impl_1/CNTxALU.bit} [get_hw_devices xc7a35t_0]
program_hw_devices [get_hw_devices xc7a35t_0]
refresh_hw_device [lindex [get_hw_devices xc7a35t_0] 0]
reset_run synth_1
launch_runs impl_1 -to_step write_bitstream -jobs 4
wait_on_run impl_1
set_property PROBES.FILE {} [get_hw_devices xc7a35t_0]
set_property FULL_PROBES.FILE {} [get_hw_devices xc7a35t_0]
set_property PROGRAM.FILE {C:/Users/Jacob/source/repos/ECE-510-Final-Hardware-Project/ECE510_Hardware_Project/ECE510_Hardware_Project.runs/impl_1/CNTxALU.bit} [get_hw_devices xc7a35t_0]
program_hw_devices [get_hw_devices xc7a35t_0]
refresh_hw_device [lindex [get_hw_devices xc7a35t_0] 0]
reset_run synth_1
launch_runs impl_1 -to_step write_bitstream -jobs 4
wait_on_run impl_1
set_property PROBES.FILE {} [get_hw_devices xc7a35t_0]
set_property FULL_PROBES.FILE {} [get_hw_devices xc7a35t_0]
set_property PROGRAM.FILE {C:/Users/Jacob/source/repos/ECE-510-Final-Hardware-Project/ECE510_Hardware_Project/ECE510_Hardware_Project.runs/impl_1/CNTxALU.bit} [get_hw_devices xc7a35t_0]
program_hw_devices [get_hw_devices xc7a35t_0]
refresh_hw_device [lindex [get_hw_devices xc7a35t_0] 0]
