20:10:02 **** Build of project ALU_Firmware_bsp ****
make -k all 
"Running Make include in microblaze_0/libsrc/bram_v4_3/src"
make -C microblaze_0/libsrc/bram_v4_3/src -s include  "SHELL=CMD" "COMPILER=mb-gcc" "ARCHIVER=mb-ar" "COMPILER_FLAGS=  -O2 -c -mcpu=v11.0 -mlittle-endian -mxl-soft-mul" "EXTRA_COMPILER_FLAGS=-ffunction-sections -fdata-sections -Wall -Wextra"
"Running Make include in microblaze_0/libsrc/cpu_v2_9/src"
make -C microblaze_0/libsrc/cpu_v2_9/src -s include  "SHELL=CMD" "COMPILER=mb-gcc" "ARCHIVER=mb-ar" "COMPILER_FLAGS=  -O2 -c -mcpu=v11.0 -mlittle-endian -mxl-soft-mul" "EXTRA_COMPILER_FLAGS=-ffunction-sections -fdata-sections -Wall -Wextra"
"Running Make include in microblaze_0/libsrc/gpio_v4_4/src"
make -C microblaze_0/libsrc/gpio_v4_4/src -s include  "SHELL=CMD" "COMPILER=mb-gcc" "ARCHIVER=mb-ar" "COMPILER_FLAGS=  -O2 -c -mcpu=v11.0 -mlittle-endian -mxl-soft-mul" "EXTRA_COMPILER_FLAGS=-ffunction-sections -fdata-sections -Wall -Wextra"
"Running Make include in microblaze_0/libsrc/standalone_v7_0/src"
make -C microblaze_0/libsrc/standalone_v7_0/src -s include  "SHELL=CMD" "COMPILER=mb-gcc" "ARCHIVER=mb-ar" "COMPILER_FLAGS=  -O2 -c -mcpu=v11.0 -mlittle-endian -mxl-soft-mul" "EXTRA_COMPILER_FLAGS=-ffunction-sections -fdata-sections -Wall -Wextra"
"Running Make include in microblaze_0/libsrc/uartlite_v3_2/src"
make -C microblaze_0/libsrc/uartlite_v3_2/src -s include  "SHELL=CMD" "COMPILER=mb-gcc" "ARCHIVER=mb-ar" "COMPILER_FLAGS=  -O2 -c -mcpu=v11.0 -mlittle-endian -mxl-soft-mul" "EXTRA_COMPILER_FLAGS=-ffunction-sections -fdata-sections -Wall -Wextra"
"Running Make libs in microblaze_0/libsrc/bram_v4_3/src"
make -C microblaze_0/libsrc/bram_v4_3/src -s libs  "SHELL=CMD" "COMPILER=mb-gcc" "ARCHIVER=mb-ar" "COMPILER_FLAGS=  -O2 -c -mcpu=v11.0 -mlittle-endian -mxl-soft-mul" "EXTRA_COMPILER_FLAGS=-ffunction-sections -fdata-sections -Wall -Wextra"
"Compiling bram"
mb-ar: creating ../../../lib/libxil.a
"Running Make libs in microblaze_0/libsrc/cpu_v2_9/src"
make -C microblaze_0/libsrc/cpu_v2_9/src -s libs  "SHELL=CMD" "COMPILER=mb-gcc" "ARCHIVER=mb-ar" "COMPILER_FLAGS=  -O2 -c -mcpu=v11.0 -mlittle-endian -mxl-soft-mul" "EXTRA_COMPILER_FLAGS=-ffunction-sections -fdata-sections -Wall -Wextra"
"Compiling cpu"
"Running Make libs in microblaze_0/libsrc/gpio_v4_4/src"
make -C microblaze_0/libsrc/gpio_v4_4/src -s libs  "SHELL=CMD" "COMPILER=mb-gcc" "ARCHIVER=mb-ar" "COMPILER_FLAGS=  -O2 -c -mcpu=v11.0 -mlittle-endian -mxl-soft-mul" "EXTRA_COMPILER_FLAGS=-ffunction-sections -fdata-sections -Wall -Wextra"
"Compiling gpio"
"Running Make libs in microblaze_0/libsrc/standalone_v7_0/src"
make -C microblaze_0/libsrc/standalone_v7_0/src -s libs  "SHELL=CMD" "COMPILER=mb-gcc" "ARCHIVER=mb-ar" "COMPILER_FLAGS=  -O2 -c -mcpu=v11.0 -mlittle-endian -mxl-soft-mul" "EXTRA_COMPILER_FLAGS=-ffunction-sections -fdata-sections -Wall -Wextra"
"Compiling standalone";
microblaze_sleep.c:77:9: note: #pragma message: For the sleep routines, assembly instructions are used
 #pragma message ("For the sleep routines, assembly instructions are used")
         ^~~~~~~
"Running Make libs in microblaze_0/libsrc/uartlite_v3_2/src"
make -C microblaze_0/libsrc/uartlite_v3_2/src -s libs  "SHELL=CMD" "COMPILER=mb-gcc" "ARCHIVER=mb-ar" "COMPILER_FLAGS=  -O2 -c -mcpu=v11.0 -mlittle-endian -mxl-soft-mul" "EXTRA_COMPILER_FLAGS=-ffunction-sections -fdata-sections -Wall -Wextra"
"Compiling uartlite"
'Finished building libraries'
20:10:09 **** Clean-only build of configuration Debug for project ALU_Firmware ****
make clean 
rm -rf  ./src/Main.o  ./src/Main.d  ALU_Firmware.elf.size  ALU_Firmware.elf
' '
20:10:09 **** Build of configuration Debug for project ALU_Firmware ****
make all 
'Building file: ../src/Main.c'
'Invoking: MicroBlaze gcc compiler'
mb-gcc -Wall -O0 -g3 -c -fmessage-length=0 -MT"src/Main.o" -I../../ALU_Firmware_bsp/microblaze_0/include -mlittle-endian -mcpu=v11.0 -mxl-soft-mul -Wl,--no-relax -ffunction-sections -fdata-sections -MMD -MP -MF"src/Main.d" -MT"src/Main.o" -o "src/Main.o" "../src/Main.c"
In file included from ../src/Main.c:8:
../../ALU_Firmware_bsp/microblaze_0/include/xbasic_types.h:120:2: warning: #warning The xbasics_type.h file is deprecated and users should use xil_types.h and xil_assert. [-Wcpp]
 #warning  The xbasics_type.h file is deprecated and users should use xil_types.h and xil_assert.
  ^~~~~~~
../../ALU_Firmware_bsp/microblaze_0/include/xbasic_types.h:121:2: warning: #warning Please refer the Standalone BSP UG647 for further details [-Wcpp]
 #warning  Please refer the Standalone BSP UG647 for further details
  ^~~~~~~
'Finished building: ../src/Main.c'
' '
'Building target: ALU_Firmware.elf'
'Invoking: MicroBlaze gcc linker'
mb-gcc -Wl,-T -Wl,../src/lscript.ld -L../../ALU_Firmware_bsp/microblaze_0/lib -mlittle-endian -mcpu=v11.0 -mxl-soft-mul -Wl,--no-relax -Wl,--gc-sections -o "ALU_Firmware.elf"  ./src/Main.o   -Wl,--start-group,-lxil,-lgcc,-lc,--end-group
'Finished building target: ALU_Firmware.elf'
' '
'Invoking: MicroBlaze Print Size'
mb-size ALU_Firmware.elf  |tee "ALU_Firmware.elf.size"
   text	   data	    bss	    dec	    hex	filename
   8844	    652	   3136	  12632	   3158	ALU_Firmware.elf
'Finished building: ALU_Firmware.elf.size'
' '
20:10:13 **** Incremental Build of configuration Debug for project ALU_Firmware ****
make all 
make: Nothing to be done for 'all'.
20:11:24 **** Incremental Build of configuration Debug for project ALU_Firmware ****
make all 
make: Nothing to be done for 'all'.
20:12:13 **** Incremental Build of configuration Debug for project ALU_Firmware ****
make all 
make: Nothing to be done for 'all'.
20:56:23 **** Auto Build of configuration Debug for project ALU_Firmware ****
make all 
'Building file: ../src/Main.c'
'Invoking: MicroBlaze gcc compiler'
mb-gcc -Wall -O0 -g3 -c -fmessage-length=0 -MT"src/Main.o" -I../../ALU_Firmware_bsp/microblaze_0/include -mlittle-endian -mcpu=v11.0 -mxl-soft-mul -Wl,--no-relax -ffunction-sections -fdata-sections -MMD -MP -MF"src/Main.d" -MT"src/Main.o" -o "src/Main.o" "../src/Main.c"
In file included from ../src/Main.c:8:
../../ALU_Firmware_bsp/microblaze_0/include/xbasic_types.h:120:2: warning: #warning The xbasics_type.h file is deprecated and users should use xil_types.h and xil_assert. [-Wcpp]
 #warning  The xbasics_type.h file is deprecated and users should use xil_types.h and xil_assert.
  ^~~~~~~
../../ALU_Firmware_bsp/microblaze_0/include/xbasic_types.h:121:2: warning: #warning Please refer the Standalone BSP UG647 for further details [-Wcpp]
 #warning  Please refer the Standalone BSP UG647 for further details
  ^~~~~~~
'Finished building: ../src/Main.c'
' '
'Building target: ALU_Firmware.elf'
'Invoking: MicroBlaze gcc linker'
mb-gcc -Wl,-T -Wl,../src/lscript.ld -L../../ALU_Firmware_bsp/microblaze_0/lib -mlittle-endian -mcpu=v11.0 -mxl-soft-mul -Wl,--no-relax -Wl,--gc-sections -o "ALU_Firmware.elf"  ./src/Main.o   -Wl,--start-group,-lxil,-lgcc,-lc,--end-group
'Finished building target: ALU_Firmware.elf'
' '
'Invoking: MicroBlaze Print Size'
mb-size ALU_Firmware.elf  |tee "ALU_Firmware.elf.size"
   text	   data	    bss	    dec	    hex	filename
   9104	    652	   3132	  12888	   3258	ALU_Firmware.elf
'Finished building: ALU_Firmware.elf.size'
' '
20:56:24 **** Incremental Build of configuration Debug for project ALU_Firmware ****
make all 
make: Nothing to be done for 'all'.
20:56:28 **** Incremental Build of configuration Debug for project ALU_Firmware ****
make all 
make: Nothing to be done for 'all'.
21:01:27 **** Auto Build of configuration Debug for project ALU_Firmware ****
make all 
'Building file: ../src/Main.c'
'Invoking: MicroBlaze gcc compiler'
mb-gcc -Wall -O0 -g3 -c -fmessage-length=0 -MT"src/Main.o" -I../../ALU_Firmware_bsp/microblaze_0/include -mlittle-endian -mcpu=v11.0 -mxl-soft-mul -Wl,--no-relax -ffunction-sections -fdata-sections -MMD -MP -MF"src/Main.d" -MT"src/Main.o" -o "src/Main.o" "../src/Main.c"
In file included from ../src/Main.c:8:
../../ALU_Firmware_bsp/microblaze_0/include/xbasic_types.h:120:2: warning: #warning The xbasics_type.h file is deprecated and users should use xil_types.h and xil_assert. [-Wcpp]
 #warning  The xbasics_type.h file is deprecated and users should use xil_types.h and xil_assert.
  ^~~~~~~
../../ALU_Firmware_bsp/microblaze_0/include/xbasic_types.h:121:2: warning: #warning Please refer the Standalone BSP UG647 for further details [-Wcpp]
 #warning  Please refer the Standalone BSP UG647 for further details
  ^~~~~~~
'Finished building: ../src/Main.c'
' '
'Building target: ALU_Firmware.elf'
'Invoking: MicroBlaze gcc linker'
mb-gcc -Wl,-T -Wl,../src/lscript.ld -L../../ALU_Firmware_bsp/microblaze_0/lib -mlittle-endian -mcpu=v11.0 -mxl-soft-mul -Wl,--no-relax -Wl,--gc-sections -o "ALU_Firmware.elf"  ./src/Main.o   -Wl,--start-group,-lxil,-lgcc,-lc,--end-group
'Finished building target: ALU_Firmware.elf'
' '
'Invoking: MicroBlaze Print Size'
mb-size ALU_Firmware.elf  |tee "ALU_Firmware.elf.size"
   text	   data	    bss	    dec	    hex	filename
   9200	    652	   3132	  12984	   32b8	ALU_Firmware.elf
'Finished building: ALU_Firmware.elf.size'
' '
21:04:16 **** Auto Build of configuration Debug for project ALU_Firmware ****
make all 
'Building file: ../src/Main.c'
'Invoking: MicroBlaze gcc compiler'
mb-gcc -Wall -O0 -g3 -c -fmessage-length=0 -MT"src/Main.o" -I../../ALU_Firmware_bsp/microblaze_0/include -mlittle-endian -mcpu=v11.0 -mxl-soft-mul -Wl,--no-relax -ffunction-sections -fdata-sections -MMD -MP -MF"src/Main.d" -MT"src/Main.o" -o "src/Main.o" "../src/Main.c"
In file included from ../src/Main.c:8:
../../ALU_Firmware_bsp/microblaze_0/include/xbasic_types.h:120:2: warning: #warning The xbasics_type.h file is deprecated and users should use xil_types.h and xil_assert. [-Wcpp]
 #warning  The xbasics_type.h file is deprecated and users should use xil_types.h and xil_assert.
  ^~~~~~~
../../ALU_Firmware_bsp/microblaze_0/include/xbasic_types.h:121:2: warning: #warning Please refer the Standalone BSP UG647 for further details [-Wcpp]
 #warning  Please refer the Standalone BSP UG647 for further details
  ^~~~~~~
../src/Main.c: In function 'main':
../src/Main.c:72:5: warning: statement with no effect [-Wunused-value]
     numOut ~= numOut;
     ^~~~~~
../src/Main.c:72:11: error: expected ';' before '~' token
     numOut ~= numOut;
           ^~
           ;
make: *** [src/subdir.mk:23: src/Main.o] Error 1
21:04:27 **** Auto Build of configuration Debug for project ALU_Firmware ****
make all 
'Building file: ../src/Main.c'
'Invoking: MicroBlaze gcc compiler'
mb-gcc -Wall -O0 -g3 -c -fmessage-length=0 -MT"src/Main.o" -I../../ALU_Firmware_bsp/microblaze_0/include -mlittle-endian -mcpu=v11.0 -mxl-soft-mul -Wl,--no-relax -ffunction-sections -fdata-sections -MMD -MP -MF"src/Main.d" -MT"src/Main.o" -o "src/Main.o" "../src/Main.c"
In file included from ../src/Main.c:8:
../../ALU_Firmware_bsp/microblaze_0/include/xbasic_types.h:120:2: warning: #warning The xbasics_type.h file is deprecated and users should use xil_types.h and xil_assert. [-Wcpp]
 #warning  The xbasics_type.h file is deprecated and users should use xil_types.h and xil_assert.
  ^~~~~~~
../../ALU_Firmware_bsp/microblaze_0/include/xbasic_types.h:121:2: warning: #warning Please refer the Standalone BSP UG647 for further details [-Wcpp]
 #warning  Please refer the Standalone BSP UG647 for further details
  ^~~~~~~
'Finished building: ../src/Main.c'
' '
'Building target: ALU_Firmware.elf'
'Invoking: MicroBlaze gcc linker'
mb-gcc -Wl,-T -Wl,../src/lscript.ld -L../../ALU_Firmware_bsp/microblaze_0/lib -mlittle-endian -mcpu=v11.0 -mxl-soft-mul -Wl,--no-relax -Wl,--gc-sections -o "ALU_Firmware.elf"  ./src/Main.o   -Wl,--start-group,-lxil,-lgcc,-lc,--end-group
'Finished building target: ALU_Firmware.elf'
' '
'Invoking: MicroBlaze Print Size'
mb-size ALU_Firmware.elf  |tee "ALU_Firmware.elf.size"
   text	   data	    bss	    dec	    hex	filename
   9200	    652	   3132	  12984	   32b8	ALU_Firmware.elf
'Finished building: ALU_Firmware.elf.size'
' '
21:04:30 **** Incremental Build of configuration Debug for project ALU_Firmware ****
make all 
make: Nothing to be done for 'all'.
21:04:33 **** Incremental Build of configuration Debug for project ALU_Firmware ****
make all 
make: Nothing to be done for 'all'.
21:07:28 **** Incremental Build of configuration Debug for project ALU_Firmware ****
make all 
make: Nothing to be done for 'all'.
21:07:32 **** Incremental Build of configuration Debug for project ALU_Firmware ****
make all 
'Building file: ../src/Main.c'
'Invoking: MicroBlaze gcc compiler'
mb-gcc -Wall -O0 -g3 -c -fmessage-length=0 -MT"src/Main.o" -I../../ALU_Firmware_bsp/microblaze_0/include -mlittle-endian -mcpu=v11.0 -mxl-soft-mul -Wl,--no-relax -ffunction-sections -fdata-sections -MMD -MP -MF"src/Main.d" -MT"src/Main.o" -o "src/Main.o" "../src/Main.c"
In file included from ../src/Main.c:8:
../../ALU_Firmware_bsp/microblaze_0/include/xbasic_types.h:120:2: warning: #warning The xbasics_type.h file is deprecated and users should use xil_types.h and xil_assert. [-Wcpp]
 #warning  The xbasics_type.h file is deprecated and users should use xil_types.h and xil_assert.
  ^~~~~~~
../../ALU_Firmware_bsp/microblaze_0/include/xbasic_types.h:121:2: warning: #warning Please refer the Standalone BSP UG647 for further details [-Wcpp]
 #warning  Please refer the Standalone BSP UG647 for further details
  ^~~~~~~
'Finished building: ../src/Main.c'
' '
'Building target: ALU_Firmware.elf'
'Invoking: MicroBlaze gcc linker'
mb-gcc -Wl,-T -Wl,../src/lscript.ld -L../../ALU_Firmware_bsp/microblaze_0/lib -mlittle-endian -mcpu=v11.0 -mxl-soft-mul -Wl,--no-relax -Wl,--gc-sections -o "ALU_Firmware.elf"  ./src/Main.o   -Wl,--start-group,-lxil,-lgcc,-lc,--end-group
'Finished building target: ALU_Firmware.elf'
' '
'Invoking: MicroBlaze Print Size'
mb-size ALU_Firmware.elf  |tee "ALU_Firmware.elf.size"
   text	   data	    bss	    dec	    hex	filename
   9200	    652	   3132	  12984	   32b8	ALU_Firmware.elf
'Finished building: ALU_Firmware.elf.size'
' '
21:08:40 **** Incremental Build of configuration Debug for project ALU_Firmware ****
make all 
make: Nothing to be done for 'all'.
21:08:45 **** Incremental Build of configuration Debug for project ALU_Firmware ****
make all 
'Building file: ../src/Main.c'
'Invoking: MicroBlaze gcc compiler'
mb-gcc -Wall -O0 -g3 -c -fmessage-length=0 -MT"src/Main.o" -I../../ALU_Firmware_bsp/microblaze_0/include -mlittle-endian -mcpu=v11.0 -mxl-soft-mul -Wl,--no-relax -ffunction-sections -fdata-sections -MMD -MP -MF"src/Main.d" -MT"src/Main.o" -o "src/Main.o" "../src/Main.c"
In file included from ../src/Main.c:8:
../../ALU_Firmware_bsp/microblaze_0/include/xbasic_types.h:120:2: warning: #warning The xbasics_type.h file is deprecated and users should use xil_types.h and xil_assert. [-Wcpp]
 #warning  The xbasics_type.h file is deprecated and users should use xil_types.h and xil_assert.
  ^~~~~~~
../../ALU_Firmware_bsp/microblaze_0/include/xbasic_types.h:121:2: warning: #warning Please refer the Standalone BSP UG647 for further details [-Wcpp]
 #warning  Please refer the Standalone BSP UG647 for further details
  ^~~~~~~
'Finished building: ../src/Main.c'
' '
'Building target: ALU_Firmware.elf'
'Invoking: MicroBlaze gcc linker'
mb-gcc -Wl,-T -Wl,../src/lscript.ld -L../../ALU_Firmware_bsp/microblaze_0/lib -mlittle-endian -mcpu=v11.0 -mxl-soft-mul -Wl,--no-relax -Wl,--gc-sections -o "ALU_Firmware.elf"  ./src/Main.o   -Wl,--start-group,-lxil,-lgcc,-lc,--end-group
'Finished building target: ALU_Firmware.elf'
' '
'Invoking: MicroBlaze Print Size'
mb-size ALU_Firmware.elf  |tee "ALU_Firmware.elf.size"
   text	   data	    bss	    dec	    hex	filename
   9200	    652	   3132	  12984	   32b8	ALU_Firmware.elf
'Finished building: ALU_Firmware.elf.size'
' '
21:09:57 **** Incremental Build of configuration Debug for project ALU_Firmware ****
make all 
'Building file: ../src/Main.c'
'Invoking: MicroBlaze gcc compiler'
mb-gcc -Wall -O0 -g3 -c -fmessage-length=0 -MT"src/Main.o" -I../../ALU_Firmware_bsp/microblaze_0/include -mlittle-endian -mcpu=v11.0 -mxl-soft-mul -Wl,--no-relax -ffunction-sections -fdata-sections -MMD -MP -MF"src/Main.d" -MT"src/Main.o" -o "src/Main.o" "../src/Main.c"
In file included from ../src/Main.c:8:
../../ALU_Firmware_bsp/microblaze_0/include/xbasic_types.h:120:2: warning: #warning The xbasics_type.h file is deprecated and users should use xil_types.h and xil_assert. [-Wcpp]
 #warning  The xbasics_type.h file is deprecated and users should use xil_types.h and xil_assert.
  ^~~~~~~
../../ALU_Firmware_bsp/microblaze_0/include/xbasic_types.h:121:2: warning: #warning Please refer the Standalone BSP UG647 for further details [-Wcpp]
 #warning  Please refer the Standalone BSP UG647 for further details
  ^~~~~~~
'Finished building: ../src/Main.c'
' '
'Building target: ALU_Firmware.elf'
'Invoking: MicroBlaze gcc linker'
mb-gcc -Wl,-T -Wl,../src/lscript.ld -L../../ALU_Firmware_bsp/microblaze_0/lib -mlittle-endian -mcpu=v11.0 -mxl-soft-mul -Wl,--no-relax -Wl,--gc-sections -o "ALU_Firmware.elf"  ./src/Main.o   -Wl,--start-group,-lxil,-lgcc,-lc,--end-group
'Finished building target: ALU_Firmware.elf'
' '
'Invoking: MicroBlaze Print Size'
mb-size ALU_Firmware.elf  |tee "ALU_Firmware.elf.size"
   text	   data	    bss	    dec	    hex	filename
   9304	    652	   3132	  13088	   3320	ALU_Firmware.elf
'Finished building: ALU_Firmware.elf.size'
' '
21:10:37 **** Incremental Build of configuration Debug for project ALU_Firmware ****
make all 
'Building file: ../src/Main.c'
'Invoking: MicroBlaze gcc compiler'
mb-gcc -Wall -O0 -g3 -c -fmessage-length=0 -MT"src/Main.o" -I../../ALU_Firmware_bsp/microblaze_0/include -mlittle-endian -mcpu=v11.0 -mxl-soft-mul -Wl,--no-relax -ffunction-sections -fdata-sections -MMD -MP -MF"src/Main.d" -MT"src/Main.o" -o "src/Main.o" "../src/Main.c"
In file included from ../src/Main.c:8:
../../ALU_Firmware_bsp/microblaze_0/include/xbasic_types.h:120:2: warning: #warning The xbasics_type.h file is deprecated and users should use xil_types.h and xil_assert. [-Wcpp]
 #warning  The xbasics_type.h file is deprecated and users should use xil_types.h and xil_assert.
  ^~~~~~~
../../ALU_Firmware_bsp/microblaze_0/include/xbasic_types.h:121:2: warning: #warning Please refer the Standalone BSP UG647 for further details [-Wcpp]
 #warning  Please refer the Standalone BSP UG647 for further details
  ^~~~~~~
'Finished building: ../src/Main.c'
' '
'Building target: ALU_Firmware.elf'
'Invoking: MicroBlaze gcc linker'
mb-gcc -Wl,-T -Wl,../src/lscript.ld -L../../ALU_Firmware_bsp/microblaze_0/lib -mlittle-endian -mcpu=v11.0 -mxl-soft-mul -Wl,--no-relax -Wl,--gc-sections -o "ALU_Firmware.elf"  ./src/Main.o   -Wl,--start-group,-lxil,-lgcc,-lc,--end-group
'Finished building target: ALU_Firmware.elf'
' '
'Invoking: MicroBlaze Print Size'
mb-size ALU_Firmware.elf  |tee "ALU_Firmware.elf.size"
   text	   data	    bss	    dec	    hex	filename
   9304	    652	   3132	  13088	   3320	ALU_Firmware.elf
'Finished building: ALU_Firmware.elf.size'
' '
21:10:48 **** Incremental Build of configuration Debug for project ALU_Firmware ****
make all 
make: Nothing to be done for 'all'.
21:17:22 **** Incremental Build of configuration Debug for project ALU_Firmware ****
make all 
'Building file: ../src/Main.c'
'Invoking: MicroBlaze gcc compiler'
mb-gcc -Wall -O0 -g3 -c -fmessage-length=0 -MT"src/Main.o" -I../../ALU_Firmware_bsp/microblaze_0/include -mlittle-endian -mcpu=v11.0 -mxl-soft-mul -Wl,--no-relax -ffunction-sections -fdata-sections -MMD -MP -MF"src/Main.d" -MT"src/Main.o" -o "src/Main.o" "../src/Main.c"
In file included from ../src/Main.c:8:
../../ALU_Firmware_bsp/microblaze_0/include/xbasic_types.h:120:2: warning: #warning The xbasics_type.h file is deprecated and users should use xil_types.h and xil_assert. [-Wcpp]
 #warning  The xbasics_type.h file is deprecated and users should use xil_types.h and xil_assert.
  ^~~~~~~
../../ALU_Firmware_bsp/microblaze_0/include/xbasic_types.h:121:2: warning: #warning Please refer the Standalone BSP UG647 for further details [-Wcpp]
 #warning  Please refer the Standalone BSP UG647 for further details
  ^~~~~~~
'Finished building: ../src/Main.c'
' '
'Building target: ALU_Firmware.elf'
'Invoking: MicroBlaze gcc linker'
mb-gcc -Wl,-T -Wl,../src/lscript.ld -L../../ALU_Firmware_bsp/microblaze_0/lib -mlittle-endian -mcpu=v11.0 -mxl-soft-mul -Wl,--no-relax -Wl,--gc-sections -o "ALU_Firmware.elf"  ./src/Main.o   -Wl,--start-group,-lxil,-lgcc,-lc,--end-group
'Finished building target: ALU_Firmware.elf'
' '
'Invoking: MicroBlaze Print Size'
mb-size ALU_Firmware.elf  |tee "ALU_Firmware.elf.size"
   text	   data	    bss	    dec	    hex	filename
   9316	    652	   3136	  13104	   3330	ALU_Firmware.elf
'Finished building: ALU_Firmware.elf.size'
' '
10:37:24 **** Auto Build of project ALU_Firmware_bsp ****
make -k all 
"Running Make include in microblaze_0/libsrc/bram_v4_3/src"
make -C microblaze_0/libsrc/bram_v4_3/src -s include  "SHELL=CMD" "COMPILER=mb-gcc" "ARCHIVER=mb-ar" "COMPILER_FLAGS=  -O2 -c -mcpu=v11.0 -mlittle-endian -mxl-soft-mul" "EXTRA_COMPILER_FLAGS=-ffunction-sections -fdata-sections -Wall -Wextra"
"Running Make include in microblaze_0/libsrc/cpu_v2_9/src"
make -C microblaze_0/libsrc/cpu_v2_9/src -s include  "SHELL=CMD" "COMPILER=mb-gcc" "ARCHIVER=mb-ar" "COMPILER_FLAGS=  -O2 -c -mcpu=v11.0 -mlittle-endian -mxl-soft-mul" "EXTRA_COMPILER_FLAGS=-ffunction-sections -fdata-sections -Wall -Wextra"
"Running Make include in microblaze_0/libsrc/gpio_v4_4/src"
make -C microblaze_0/libsrc/gpio_v4_4/src -s include  "SHELL=CMD" "COMPILER=mb-gcc" "ARCHIVER=mb-ar" "COMPILER_FLAGS=  -O2 -c -mcpu=v11.0 -mlittle-endian -mxl-soft-mul" "EXTRA_COMPILER_FLAGS=-ffunction-sections -fdata-sections -Wall -Wextra"
"Running Make include in microblaze_0/libsrc/standalone_v7_0/src"
make -C microblaze_0/libsrc/standalone_v7_0/src -s include  "SHELL=CMD" "COMPILER=mb-gcc" "ARCHIVER=mb-ar" "COMPILER_FLAGS=  -O2 -c -mcpu=v11.0 -mlittle-endian -mxl-soft-mul" "EXTRA_COMPILER_FLAGS=-ffunction-sections -fdata-sections -Wall -Wextra"
"Running Make include in microblaze_0/libsrc/uartlite_v3_2/src"
make -C microblaze_0/libsrc/uartlite_v3_2/src -s include  "SHELL=CMD" "COMPILER=mb-gcc" "ARCHIVER=mb-ar" "COMPILER_FLAGS=  -O2 -c -mcpu=v11.0 -mlittle-endian -mxl-soft-mul" "EXTRA_COMPILER_FLAGS=-ffunction-sections -fdata-sections -Wall -Wextra"
"Running Make libs in microblaze_0/libsrc/bram_v4_3/src"
make -C microblaze_0/libsrc/bram_v4_3/src -s libs  "SHELL=CMD" "COMPILER=mb-gcc" "ARCHIVER=mb-ar" "COMPILER_FLAGS=  -O2 -c -mcpu=v11.0 -mlittle-endian -mxl-soft-mul" "EXTRA_COMPILER_FLAGS=-ffunction-sections -fdata-sections -Wall -Wextra"
"Compiling bram"
"Running Make libs in microblaze_0/libsrc/cpu_v2_9/src"
make -C microblaze_0/libsrc/cpu_v2_9/src -s libs  "SHELL=CMD" "COMPILER=mb-gcc" "ARCHIVER=mb-ar" "COMPILER_FLAGS=  -O2 -c -mcpu=v11.0 -mlittle-endian -mxl-soft-mul" "EXTRA_COMPILER_FLAGS=-ffunction-sections -fdata-sections -Wall -Wextra"
"Compiling cpu"
"Running Make libs in microblaze_0/libsrc/gpio_v4_4/src"
make -C microblaze_0/libsrc/gpio_v4_4/src -s libs  "SHELL=CMD" "COMPILER=mb-gcc" "ARCHIVER=mb-ar" "COMPILER_FLAGS=  -O2 -c -mcpu=v11.0 -mlittle-endian -mxl-soft-mul" "EXTRA_COMPILER_FLAGS=-ffunction-sections -fdata-sections -Wall -Wextra"
"Compiling gpio"
"Running Make libs in microblaze_0/libsrc/standalone_v7_0/src"
make -C microblaze_0/libsrc/standalone_v7_0/src -s libs  "SHELL=CMD" "COMPILER=mb-gcc" "ARCHIVER=mb-ar" "COMPILER_FLAGS=  -O2 -c -mcpu=v11.0 -mlittle-endian -mxl-soft-mul" "EXTRA_COMPILER_FLAGS=-ffunction-sections -fdata-sections -Wall -Wextra"
"Compiling standalone";
microblaze_sleep.c:77:9: note: #pragma message: For the sleep routines, assembly instructions are used
 #pragma message ("For the sleep routines, assembly instructions are used")
         ^~~~~~~
"Running Make libs in microblaze_0/libsrc/uartlite_v3_2/src"
make -C microblaze_0/libsrc/uartlite_v3_2/src -s libs  "SHELL=CMD" "COMPILER=mb-gcc" "ARCHIVER=mb-ar" "COMPILER_FLAGS=  -O2 -c -mcpu=v11.0 -mlittle-endian -mxl-soft-mul" "EXTRA_COMPILER_FLAGS=-ffunction-sections -fdata-sections -Wall -Wextra"
"Compiling uartlite"
'Finished building libraries'
10:37:37 **** Clean-only build of configuration Debug for project ALU_Firmware ****
make clean 
rm -rf  ./src/Main.o  ./src/Main.d  ALU_Firmware.elf.size  ALU_Firmware.elf
' '
10:37:38 **** Auto Build of configuration Debug for project ALU_Firmware ****
make all 
'Building file: ../src/Main.c'
'Invoking: MicroBlaze gcc compiler'
mb-gcc -Wall -O0 -g3 -c -fmessage-length=0 -MT"src/Main.o" -I../../ALU_Firmware_bsp/microblaze_0/include -mlittle-endian -mcpu=v11.0 -mxl-soft-mul -Wl,--no-relax -ffunction-sections -fdata-sections -MMD -MP -MF"src/Main.d" -MT"src/Main.o" -o "src/Main.o" "../src/Main.c"
In file included from ../src/Main.c:8:
../../ALU_Firmware_bsp/microblaze_0/include/xbasic_types.h:120:2: warning: #warning The xbasics_type.h file is deprecated and users should use xil_types.h and xil_assert. [-Wcpp]
 #warning  The xbasics_type.h file is deprecated and users should use xil_types.h and xil_assert.
  ^~~~~~~
../../ALU_Firmware_bsp/microblaze_0/include/xbasic_types.h:121:2: warning: #warning Please refer the Standalone BSP UG647 for further details [-Wcpp]
 #warning  Please refer the Standalone BSP UG647 for further details
  ^~~~~~~
'Finished building: ../src/Main.c'
' '
'Building target: ALU_Firmware.elf'
'Invoking: MicroBlaze gcc linker'
mb-gcc -Wl,-T -Wl,../src/lscript.ld -L../../ALU_Firmware_bsp/microblaze_0/lib -mlittle-endian -mcpu=v11.0 -mxl-soft-mul -Wl,--no-relax -Wl,--gc-sections -o "ALU_Firmware.elf"  ./src/Main.o   -Wl,--start-group,-lxil,-lgcc,-lc,--end-group
'Finished building target: ALU_Firmware.elf'
' '
'Invoking: MicroBlaze Print Size'
mb-size ALU_Firmware.elf  |tee "ALU_Firmware.elf.size"
   text	   data	    bss	    dec	    hex	filename
   9316	    652	   3136	  13104	   3330	ALU_Firmware.elf
'Finished building: ALU_Firmware.elf.size'
' '
10:37:50 **** Clean-only build of project ALU_Firmware_bsp ****
make -k clean 
make -C microblaze_0/libsrc/bram_v4_3/src -s clean 
make -C microblaze_0/libsrc/cpu_v2_9/src -s clean 
make -C microblaze_0/libsrc/gpio_v4_4/src -s clean 
make -C microblaze_0/libsrc/standalone_v7_0/src -s clean 
make -C microblaze_0/libsrc/uartlite_v3_2/src -s clean 
rm -f microblaze_0/lib/libxil.a
10:37:51 **** Clean-only build of configuration Debug for project ALU_Firmware ****
make clean 
rm -rf  ./src/Main.o  ./src/Main.d  ALU_Firmware.elf.size  ALU_Firmware.elf
' '
10:37:53 **** Build of project ALU_Firmware_bsp ****
make -k all 
"Running Make include in microblaze_0/libsrc/bram_v4_3/src"
make -C microblaze_0/libsrc/bram_v4_3/src -s include  "SHELL=CMD" "COMPILER=mb-gcc" "ARCHIVER=mb-ar" "COMPILER_FLAGS=  -O2 -c -mcpu=v11.0 -mlittle-endian -mxl-soft-mul" "EXTRA_COMPILER_FLAGS=-ffunction-sections -fdata-sections -Wall -Wextra"
"Running Make include in microblaze_0/libsrc/cpu_v2_9/src"
make -C microblaze_0/libsrc/cpu_v2_9/src -s include  "SHELL=CMD" "COMPILER=mb-gcc" "ARCHIVER=mb-ar" "COMPILER_FLAGS=  -O2 -c -mcpu=v11.0 -mlittle-endian -mxl-soft-mul" "EXTRA_COMPILER_FLAGS=-ffunction-sections -fdata-sections -Wall -Wextra"
"Running Make include in microblaze_0/libsrc/gpio_v4_4/src"
make -C microblaze_0/libsrc/gpio_v4_4/src -s include  "SHELL=CMD" "COMPILER=mb-gcc" "ARCHIVER=mb-ar" "COMPILER_FLAGS=  -O2 -c -mcpu=v11.0 -mlittle-endian -mxl-soft-mul" "EXTRA_COMPILER_FLAGS=-ffunction-sections -fdata-sections -Wall -Wextra"
"Running Make include in microblaze_0/libsrc/standalone_v7_0/src"
make -C microblaze_0/libsrc/standalone_v7_0/src -s include  "SHELL=CMD" "COMPILER=mb-gcc" "ARCHIVER=mb-ar" "COMPILER_FLAGS=  -O2 -c -mcpu=v11.0 -mlittle-endian -mxl-soft-mul" "EXTRA_COMPILER_FLAGS=-ffunction-sections -fdata-sections -Wall -Wextra"
"Running Make include in microblaze_0/libsrc/uartlite_v3_2/src"
make -C microblaze_0/libsrc/uartlite_v3_2/src -s include  "SHELL=CMD" "COMPILER=mb-gcc" "ARCHIVER=mb-ar" "COMPILER_FLAGS=  -O2 -c -mcpu=v11.0 -mlittle-endian -mxl-soft-mul" "EXTRA_COMPILER_FLAGS=-ffunction-sections -fdata-sections -Wall -Wextra"
"Running Make libs in microblaze_0/libsrc/bram_v4_3/src"
make -C microblaze_0/libsrc/bram_v4_3/src -s libs  "SHELL=CMD" "COMPILER=mb-gcc" "ARCHIVER=mb-ar" "COMPILER_FLAGS=  -O2 -c -mcpu=v11.0 -mlittle-endian -mxl-soft-mul" "EXTRA_COMPILER_FLAGS=-ffunction-sections -fdata-sections -Wall -Wextra"
"Compiling bram"
mb-ar: creating ../../../lib/libxil.a
"Running Make libs in microblaze_0/libsrc/cpu_v2_9/src"
make -C microblaze_0/libsrc/cpu_v2_9/src -s libs  "SHELL=CMD" "COMPILER=mb-gcc" "ARCHIVER=mb-ar" "COMPILER_FLAGS=  -O2 -c -mcpu=v11.0 -mlittle-endian -mxl-soft-mul" "EXTRA_COMPILER_FLAGS=-ffunction-sections -fdata-sections -Wall -Wextra"
"Compiling cpu"
"Running Make libs in microblaze_0/libsrc/gpio_v4_4/src"
make -C microblaze_0/libsrc/gpio_v4_4/src -s libs  "SHELL=CMD" "COMPILER=mb-gcc" "ARCHIVER=mb-ar" "COMPILER_FLAGS=  -O2 -c -mcpu=v11.0 -mlittle-endian -mxl-soft-mul" "EXTRA_COMPILER_FLAGS=-ffunction-sections -fdata-sections -Wall -Wextra"
"Compiling gpio"
"Running Make libs in microblaze_0/libsrc/standalone_v7_0/src"
make -C microblaze_0/libsrc/standalone_v7_0/src -s libs  "SHELL=CMD" "COMPILER=mb-gcc" "ARCHIVER=mb-ar" "COMPILER_FLAGS=  -O2 -c -mcpu=v11.0 -mlittle-endian -mxl-soft-mul" "EXTRA_COMPILER_FLAGS=-ffunction-sections -fdata-sections -Wall -Wextra"
"Compiling standalone";
microblaze_sleep.c:77:9: note: #pragma message: For the sleep routines, assembly instructions are used
 #pragma message ("For the sleep routines, assembly instructions are used")
         ^~~~~~~
"Running Make libs in microblaze_0/libsrc/uartlite_v3_2/src"
make -C microblaze_0/libsrc/uartlite_v3_2/src -s libs  "SHELL=CMD" "COMPILER=mb-gcc" "ARCHIVER=mb-ar" "COMPILER_FLAGS=  -O2 -c -mcpu=v11.0 -mlittle-endian -mxl-soft-mul" "EXTRA_COMPILER_FLAGS=-ffunction-sections -fdata-sections -Wall -Wextra"
"Compiling uartlite"
'Finished building libraries'
10:38:01 **** Build of configuration Debug for project ALU_Firmware ****
make all 
'Building file: ../src/Main.c'
'Invoking: MicroBlaze gcc compiler'
mb-gcc -Wall -O0 -g3 -c -fmessage-length=0 -MT"src/Main.o" -I../../ALU_Firmware_bsp/microblaze_0/include -mlittle-endian -mcpu=v11.0 -mxl-soft-mul -Wl,--no-relax -ffunction-sections -fdata-sections -MMD -MP -MF"src/Main.d" -MT"src/Main.o" -o "src/Main.o" "../src/Main.c"
In file included from ../src/Main.c:8:
../../ALU_Firmware_bsp/microblaze_0/include/xbasic_types.h:120:2: warning: #warning The xbasics_type.h file is deprecated and users should use xil_types.h and xil_assert. [-Wcpp]
 #warning  The xbasics_type.h file is deprecated and users should use xil_types.h and xil_assert.
  ^~~~~~~
../../ALU_Firmware_bsp/microblaze_0/include/xbasic_types.h:121:2: warning: #warning Please refer the Standalone BSP UG647 for further details [-Wcpp]
 #warning  Please refer the Standalone BSP UG647 for further details
  ^~~~~~~
'Finished building: ../src/Main.c'
' '
'Building target: ALU_Firmware.elf'
'Invoking: MicroBlaze gcc linker'
mb-gcc -Wl,-T -Wl,../src/lscript.ld -L../../ALU_Firmware_bsp/microblaze_0/lib -mlittle-endian -mcpu=v11.0 -mxl-soft-mul -Wl,--no-relax -Wl,--gc-sections -o "ALU_Firmware.elf"  ./src/Main.o   -Wl,--start-group,-lxil,-lgcc,-lc,--end-group
'Finished building target: ALU_Firmware.elf'
' '
'Invoking: MicroBlaze Print Size'
mb-size ALU_Firmware.elf  |tee "ALU_Firmware.elf.size"
   text	   data	    bss	    dec	    hex	filename
   9316	    652	   3136	  13104	   3330	ALU_Firmware.elf
'Finished building: ALU_Firmware.elf.size'
' '
11:02:26 **** Incremental Build of configuration Debug for project ALU_Firmware ****
make all 
make: Nothing to be done for 'all'.
11:33:44 **** Incremental Build of configuration Debug for project ALU_Firmware ****
make all 
make: Nothing to be done for 'all'.
11:42:02 **** Incremental Build of configuration Debug for project ALU_Firmware ****
make all 
'Building file: ../src/Main.c'
'Invoking: MicroBlaze gcc compiler'
mb-gcc -Wall -O0 -g3 -c -fmessage-length=0 -MT"src/Main.o" -I../../ALU_Firmware_bsp/microblaze_0/include -mlittle-endian -mcpu=v11.0 -mxl-soft-mul -Wl,--no-relax -ffunction-sections -fdata-sections -MMD -MP -MF"src/Main.d" -MT"src/Main.o" -o "src/Main.o" "../src/Main.c"
In file included from ../src/Main.c:8:
../../ALU_Firmware_bsp/microblaze_0/include/xbasic_types.h:120:2: warning: #warning The xbasics_type.h file is deprecated and users should use xil_types.h and xil_assert. [-Wcpp]
 #warning  The xbasics_type.h file is deprecated and users should use xil_types.h and xil_assert.
  ^~~~~~~
../../ALU_Firmware_bsp/microblaze_0/include/xbasic_types.h:121:2: warning: #warning Please refer the Standalone BSP UG647 for further details [-Wcpp]
 #warning  Please refer the Standalone BSP UG647 for further details
  ^~~~~~~
'Finished building: ../src/Main.c'
' '
'Building target: ALU_Firmware.elf'
'Invoking: MicroBlaze gcc linker'
mb-gcc -Wl,-T -Wl,../src/lscript.ld -L../../ALU_Firmware_bsp/microblaze_0/lib -mlittle-endian -mcpu=v11.0 -mxl-soft-mul -Wl,--no-relax -Wl,--gc-sections -o "ALU_Firmware.elf"  ./src/Main.o   -Wl,--start-group,-lxil,-lgcc,-lc,--end-group
'Finished building target: ALU_Firmware.elf'
' '
'Invoking: MicroBlaze Print Size'
mb-size ALU_Firmware.elf  |tee "ALU_Firmware.elf.size"
   text	   data	    bss	    dec	    hex	filename
   9316	    652	   3136	  13104	   3330	ALU_Firmware.elf
'Finished building: ALU_Firmware.elf.size'
' '
11:42:17 **** Incremental Build of configuration Debug for project ALU_Firmware ****
make all 
make: Nothing to be done for 'all'.
11:43:00 **** Incremental Build of configuration Debug for project ALU_Firmware ****
make all 
make: Nothing to be done for 'all'.
11:45:35 **** Incremental Build of configuration Debug for project ALU_Firmware ****
make all 
'Building file: ../src/Main.c'
'Invoking: MicroBlaze gcc compiler'
mb-gcc -Wall -O0 -g3 -c -fmessage-length=0 -MT"src/Main.o" -I../../ALU_Firmware_bsp/microblaze_0/include -mlittle-endian -mcpu=v11.0 -mxl-soft-mul -Wl,--no-relax -ffunction-sections -fdata-sections -MMD -MP -MF"src/Main.d" -MT"src/Main.o" -o "src/Main.o" "../src/Main.c"
In file included from ../src/Main.c:8:
../../ALU_Firmware_bsp/microblaze_0/include/xbasic_types.h:120:2: warning: #warning The xbasics_type.h file is deprecated and users should use xil_types.h and xil_assert. [-Wcpp]
 #warning  The xbasics_type.h file is deprecated and users should use xil_types.h and xil_assert.
  ^~~~~~~
../../ALU_Firmware_bsp/microblaze_0/include/xbasic_types.h:121:2: warning: #warning Please refer the Standalone BSP UG647 for further details [-Wcpp]
 #warning  Please refer the Standalone BSP UG647 for further details
  ^~~~~~~
'Finished building: ../src/Main.c'
' '
'Building target: ALU_Firmware.elf'
'Invoking: MicroBlaze gcc linker'
mb-gcc -Wl,-T -Wl,../src/lscript.ld -L../../ALU_Firmware_bsp/microblaze_0/lib -mlittle-endian -mcpu=v11.0 -mxl-soft-mul -Wl,--no-relax -Wl,--gc-sections -o "ALU_Firmware.elf"  ./src/Main.o   -Wl,--start-group,-lxil,-lgcc,-lc,--end-group
'Finished building target: ALU_Firmware.elf'
' '
'Invoking: MicroBlaze Print Size'
mb-size ALU_Firmware.elf  |tee "ALU_Firmware.elf.size"
   text	   data	    bss	    dec	    hex	filename
   9304	    652	   3132	  13088	   3320	ALU_Firmware.elf
'Finished building: ALU_Firmware.elf.size'
' '
11:51:18 **** Incremental Build of configuration Debug for project ALU_Firmware ****
make all 
'Building file: ../src/Main.c'
'Invoking: MicroBlaze gcc compiler'
mb-gcc -Wall -O0 -g3 -c -fmessage-length=0 -MT"src/Main.o" -I../../ALU_Firmware_bsp/microblaze_0/include -mlittle-endian -mcpu=v11.0 -mxl-soft-mul -Wl,--no-relax -ffunction-sections -fdata-sections -MMD -MP -MF"src/Main.d" -MT"src/Main.o" -o "src/Main.o" "../src/Main.c"
In file included from ../src/Main.c:8:
../../ALU_Firmware_bsp/microblaze_0/include/xbasic_types.h:120:2: warning: #warning The xbasics_type.h file is deprecated and users should use xil_types.h and xil_assert. [-Wcpp]
 #warning  The xbasics_type.h file is deprecated and users should use xil_types.h and xil_assert.
  ^~~~~~~
../../ALU_Firmware_bsp/microblaze_0/include/xbasic_types.h:121:2: warning: #warning Please refer the Standalone BSP UG647 for further details [-Wcpp]
 #warning  Please refer the Standalone BSP UG647 for further details
  ^~~~~~~
'Finished building: ../src/Main.c'
' '
'Building target: ALU_Firmware.elf'
'Invoking: MicroBlaze gcc linker'
mb-gcc -Wl,-T -Wl,../src/lscript.ld -L../../ALU_Firmware_bsp/microblaze_0/lib -mlittle-endian -mcpu=v11.0 -mxl-soft-mul -Wl,--no-relax -Wl,--gc-sections -o "ALU_Firmware.elf"  ./src/Main.o   -Wl,--start-group,-lxil,-lgcc,-lc,--end-group
'Finished building target: ALU_Firmware.elf'
' '
'Invoking: MicroBlaze Print Size'
mb-size ALU_Firmware.elf  |tee "ALU_Firmware.elf.size"
   text	   data	    bss	    dec	    hex	filename
   9316	    652	   3136	  13104	   3330	ALU_Firmware.elf
'Finished building: ALU_Firmware.elf.size'
' '
11:52:11 **** Incremental Build of configuration Debug for project ALU_Firmware ****
make all 
'Building file: ../src/Main.c'
'Invoking: MicroBlaze gcc compiler'
mb-gcc -Wall -O0 -g3 -c -fmessage-length=0 -MT"src/Main.o" -I../../ALU_Firmware_bsp/microblaze_0/include -mlittle-endian -mcpu=v11.0 -mxl-soft-mul -Wl,--no-relax -ffunction-sections -fdata-sections -MMD -MP -MF"src/Main.d" -MT"src/Main.o" -o "src/Main.o" "../src/Main.c"
In file included from ../src/Main.c:8:
../../ALU_Firmware_bsp/microblaze_0/include/xbasic_types.h:120:2: warning: #warning The xbasics_type.h file is deprecated and users should use xil_types.h and xil_assert. [-Wcpp]
 #warning  The xbasics_type.h file is deprecated and users should use xil_types.h and xil_assert.
  ^~~~~~~
../../ALU_Firmware_bsp/microblaze_0/include/xbasic_types.h:121:2: warning: #warning Please refer the Standalone BSP UG647 for further details [-Wcpp]
 #warning  Please refer the Standalone BSP UG647 for further details
  ^~~~~~~
'Finished building: ../src/Main.c'
' '
'Building target: ALU_Firmware.elf'
'Invoking: MicroBlaze gcc linker'
mb-gcc -Wl,-T -Wl,../src/lscript.ld -L../../ALU_Firmware_bsp/microblaze_0/lib -mlittle-endian -mcpu=v11.0 -mxl-soft-mul -Wl,--no-relax -Wl,--gc-sections -o "ALU_Firmware.elf"  ./src/Main.o   -Wl,--start-group,-lxil,-lgcc,-lc,--end-group
'Finished building target: ALU_Firmware.elf'
' '
'Invoking: MicroBlaze Print Size'
mb-size ALU_Firmware.elf  |tee "ALU_Firmware.elf.size"
   text	   data	    bss	    dec	    hex	filename
   9304	    652	   3132	  13088	   3320	ALU_Firmware.elf
'Finished building: ALU_Firmware.elf.size'
' '
11:55:21 **** Incremental Build of configuration Debug for project ALU_Firmware ****
make all 
'Building file: ../src/Main.c'
'Invoking: MicroBlaze gcc compiler'
mb-gcc -Wall -O0 -g3 -c -fmessage-length=0 -MT"src/Main.o" -I../../ALU_Firmware_bsp/microblaze_0/include -mlittle-endian -mcpu=v11.0 -mxl-soft-mul -Wl,--no-relax -ffunction-sections -fdata-sections -MMD -MP -MF"src/Main.d" -MT"src/Main.o" -o "src/Main.o" "../src/Main.c"
In file included from ../src/Main.c:8:
../../ALU_Firmware_bsp/microblaze_0/include/xbasic_types.h:120:2: warning: #warning The xbasics_type.h file is deprecated and users should use xil_types.h and xil_assert. [-Wcpp]
 #warning  The xbasics_type.h file is deprecated and users should use xil_types.h and xil_assert.
  ^~~~~~~
../../ALU_Firmware_bsp/microblaze_0/include/xbasic_types.h:121:2: warning: #warning Please refer the Standalone BSP UG647 for further details [-Wcpp]
 #warning  Please refer the Standalone BSP UG647 for further details
  ^~~~~~~
'Finished building: ../src/Main.c'
' '
'Building target: ALU_Firmware.elf'
'Invoking: MicroBlaze gcc linker'
mb-gcc -Wl,-T -Wl,../src/lscript.ld -L../../ALU_Firmware_bsp/microblaze_0/lib -mlittle-endian -mcpu=v11.0 -mxl-soft-mul -Wl,--no-relax -Wl,--gc-sections -o "ALU_Firmware.elf"  ./src/Main.o   -Wl,--start-group,-lxil,-lgcc,-lc,--end-group
'Finished building target: ALU_Firmware.elf'
' '
'Invoking: MicroBlaze Print Size'
mb-size ALU_Firmware.elf  |tee "ALU_Firmware.elf.size"
   text	   data	    bss	    dec	    hex	filename
   9312	    652	   3132	  13096	   3328	ALU_Firmware.elf
'Finished building: ALU_Firmware.elf.size'
' '
11:55:44 **** Incremental Build of configuration Debug for project ALU_Firmware ****
make all 
'Building file: ../src/Main.c'
'Invoking: MicroBlaze gcc compiler'
mb-gcc -Wall -O0 -g3 -c -fmessage-length=0 -MT"src/Main.o" -I../../ALU_Firmware_bsp/microblaze_0/include -mlittle-endian -mcpu=v11.0 -mxl-soft-mul -Wl,--no-relax -ffunction-sections -fdata-sections -MMD -MP -MF"src/Main.d" -MT"src/Main.o" -o "src/Main.o" "../src/Main.c"
In file included from ../src/Main.c:8:
../../ALU_Firmware_bsp/microblaze_0/include/xbasic_types.h:120:2: warning: #warning The xbasics_type.h file is deprecated and users should use xil_types.h and xil_assert. [-Wcpp]
 #warning  The xbasics_type.h file is deprecated and users should use xil_types.h and xil_assert.
  ^~~~~~~
../../ALU_Firmware_bsp/microblaze_0/include/xbasic_types.h:121:2: warning: #warning Please refer the Standalone BSP UG647 for further details [-Wcpp]
 #warning  Please refer the Standalone BSP UG647 for further details
  ^~~~~~~
'Finished building: ../src/Main.c'
' '
'Building target: ALU_Firmware.elf'
'Invoking: MicroBlaze gcc linker'
mb-gcc -Wl,-T -Wl,../src/lscript.ld -L../../ALU_Firmware_bsp/microblaze_0/lib -mlittle-endian -mcpu=v11.0 -mxl-soft-mul -Wl,--no-relax -Wl,--gc-sections -o "ALU_Firmware.elf"  ./src/Main.o   -Wl,--start-group,-lxil,-lgcc,-lc,--end-group
'Finished building target: ALU_Firmware.elf'
' '
'Invoking: MicroBlaze Print Size'
mb-size ALU_Firmware.elf  |tee "ALU_Firmware.elf.size"
   text	   data	    bss	    dec	    hex	filename
   9312	    652	   3132	  13096	   3328	ALU_Firmware.elf
'Finished building: ALU_Firmware.elf.size'
' '
11:56:03 **** Incremental Build of configuration Debug for project ALU_Firmware ****
make all 
'Building file: ../src/Main.c'
'Invoking: MicroBlaze gcc compiler'
mb-gcc -Wall -O0 -g3 -c -fmessage-length=0 -MT"src/Main.o" -I../../ALU_Firmware_bsp/microblaze_0/include -mlittle-endian -mcpu=v11.0 -mxl-soft-mul -Wl,--no-relax -ffunction-sections -fdata-sections -MMD -MP -MF"src/Main.d" -MT"src/Main.o" -o "src/Main.o" "../src/Main.c"
In file included from ../src/Main.c:8:
../../ALU_Firmware_bsp/microblaze_0/include/xbasic_types.h:120:2: warning: #warning The xbasics_type.h file is deprecated and users should use xil_types.h and xil_assert. [-Wcpp]
 #warning  The xbasics_type.h file is deprecated and users should use xil_types.h and xil_assert.
  ^~~~~~~
../../ALU_Firmware_bsp/microblaze_0/include/xbasic_types.h:121:2: warning: #warning Please refer the Standalone BSP UG647 for further details [-Wcpp]
 #warning  Please refer the Standalone BSP UG647 for further details
  ^~~~~~~
'Finished building: ../src/Main.c'
' '
'Building target: ALU_Firmware.elf'
'Invoking: MicroBlaze gcc linker'
mb-gcc -Wl,-T -Wl,../src/lscript.ld -L../../ALU_Firmware_bsp/microblaze_0/lib -mlittle-endian -mcpu=v11.0 -mxl-soft-mul -Wl,--no-relax -Wl,--gc-sections -o "ALU_Firmware.elf"  ./src/Main.o   -Wl,--start-group,-lxil,-lgcc,-lc,--end-group
'Finished building target: ALU_Firmware.elf'
' '
'Invoking: MicroBlaze Print Size'
mb-size ALU_Firmware.elf  |tee "ALU_Firmware.elf.size"
   text	   data	    bss	    dec	    hex	filename
   9324	    652	   3136	  13112	   3338	ALU_Firmware.elf
'Finished building: ALU_Firmware.elf.size'
' '
11:56:21 **** Incremental Build of configuration Debug for project ALU_Firmware ****
make all 
'Building file: ../src/Main.c'
'Invoking: MicroBlaze gcc compiler'
mb-gcc -Wall -O0 -g3 -c -fmessage-length=0 -MT"src/Main.o" -I../../ALU_Firmware_bsp/microblaze_0/include -mlittle-endian -mcpu=v11.0 -mxl-soft-mul -Wl,--no-relax -ffunction-sections -fdata-sections -MMD -MP -MF"src/Main.d" -MT"src/Main.o" -o "src/Main.o" "../src/Main.c"
In file included from ../src/Main.c:8:
../../ALU_Firmware_bsp/microblaze_0/include/xbasic_types.h:120:2: warning: #warning The xbasics_type.h file is deprecated and users should use xil_types.h and xil_assert. [-Wcpp]
 #warning  The xbasics_type.h file is deprecated and users should use xil_types.h and xil_assert.
  ^~~~~~~
../../ALU_Firmware_bsp/microblaze_0/include/xbasic_types.h:121:2: warning: #warning Please refer the Standalone BSP UG647 for further details [-Wcpp]
 #warning  Please refer the Standalone BSP UG647 for further details
  ^~~~~~~
'Finished building: ../src/Main.c'
' '
'Building target: ALU_Firmware.elf'
'Invoking: MicroBlaze gcc linker'
mb-gcc -Wl,-T -Wl,../src/lscript.ld -L../../ALU_Firmware_bsp/microblaze_0/lib -mlittle-endian -mcpu=v11.0 -mxl-soft-mul -Wl,--no-relax -Wl,--gc-sections -o "ALU_Firmware.elf"  ./src/Main.o   -Wl,--start-group,-lxil,-lgcc,-lc,--end-group
'Finished building target: ALU_Firmware.elf'
' '
'Invoking: MicroBlaze Print Size'
mb-size ALU_Firmware.elf  |tee "ALU_Firmware.elf.size"
   text	   data	    bss	    dec	    hex	filename
   9324	    652	   3136	  13112	   3338	ALU_Firmware.elf
'Finished building: ALU_Firmware.elf.size'
' '
11:56:43 **** Incremental Build of configuration Debug for project ALU_Firmware ****
make all 
'Building file: ../src/Main.c'
'Invoking: MicroBlaze gcc compiler'
mb-gcc -Wall -O0 -g3 -c -fmessage-length=0 -MT"src/Main.o" -I../../ALU_Firmware_bsp/microblaze_0/include -mlittle-endian -mcpu=v11.0 -mxl-soft-mul -Wl,--no-relax -ffunction-sections -fdata-sections -MMD -MP -MF"src/Main.d" -MT"src/Main.o" -o "src/Main.o" "../src/Main.c"
In file included from ../src/Main.c:8:
../../ALU_Firmware_bsp/microblaze_0/include/xbasic_types.h:120:2: warning: #warning The xbasics_type.h file is deprecated and users should use xil_types.h and xil_assert. [-Wcpp]
 #warning  The xbasics_type.h file is deprecated and users should use xil_types.h and xil_assert.
  ^~~~~~~
../../ALU_Firmware_bsp/microblaze_0/include/xbasic_types.h:121:2: warning: #warning Please refer the Standalone BSP UG647 for further details [-Wcpp]
 #warning  Please refer the Standalone BSP UG647 for further details
  ^~~~~~~
../src/Main.c: In function 'main':
../src/Main.c:72:20: error: expected ';' before '}' token
     numOut = numOut
                    ^
                    ;
    }
    ~                
make: *** [src/subdir.mk:23: src/Main.o] Error 1
11:56:54 **** Incremental Build of configuration Debug for project ALU_Firmware ****
make all 
'Building file: ../src/Main.c'
'Invoking: MicroBlaze gcc compiler'
mb-gcc -Wall -O0 -g3 -c -fmessage-length=0 -MT"src/Main.o" -I../../ALU_Firmware_bsp/microblaze_0/include -mlittle-endian -mcpu=v11.0 -mxl-soft-mul -Wl,--no-relax -ffunction-sections -fdata-sections -MMD -MP -MF"src/Main.d" -MT"src/Main.o" -o "src/Main.o" "../src/Main.c"
In file included from ../src/Main.c:8:
../../ALU_Firmware_bsp/microblaze_0/include/xbasic_types.h:120:2: warning: #warning The xbasics_type.h file is deprecated and users should use xil_types.h and xil_assert. [-Wcpp]
 #warning  The xbasics_type.h file is deprecated and users should use xil_types.h and xil_assert.
  ^~~~~~~
../../ALU_Firmware_bsp/microblaze_0/include/xbasic_types.h:121:2: warning: #warning Please refer the Standalone BSP UG647 for further details [-Wcpp]
 #warning  Please refer the Standalone BSP UG647 for further details
  ^~~~~~~
'Finished building: ../src/Main.c'
' '
'Building target: ALU_Firmware.elf'
'Invoking: MicroBlaze gcc linker'
mb-gcc -Wl,-T -Wl,../src/lscript.ld -L../../ALU_Firmware_bsp/microblaze_0/lib -mlittle-endian -mcpu=v11.0 -mxl-soft-mul -Wl,--no-relax -Wl,--gc-sections -o "ALU_Firmware.elf"  ./src/Main.o   -Wl,--start-group,-lxil,-lgcc,-lc,--end-group
'Finished building target: ALU_Firmware.elf'
' '
'Invoking: MicroBlaze Print Size'
mb-size ALU_Firmware.elf  |tee "ALU_Firmware.elf.size"
   text	   data	    bss	    dec	    hex	filename
   9312	    652	   3132	  13096	   3328	ALU_Firmware.elf
'Finished building: ALU_Firmware.elf.size'
' '
11:59:02 **** Incremental Build of configuration Debug for project ALU_Firmware ****
make all 
'Building file: ../src/Main.c'
'Invoking: MicroBlaze gcc compiler'
mb-gcc -Wall -O0 -g3 -c -fmessage-length=0 -MT"src/Main.o" -I../../ALU_Firmware_bsp/microblaze_0/include -mlittle-endian -mcpu=v11.0 -mxl-soft-mul -Wl,--no-relax -ffunction-sections -fdata-sections -MMD -MP -MF"src/Main.d" -MT"src/Main.o" -o "src/Main.o" "../src/Main.c"
In file included from ../src/Main.c:8:
../../ALU_Firmware_bsp/microblaze_0/include/xbasic_types.h:120:2: warning: #warning The xbasics_type.h file is deprecated and users should use xil_types.h and xil_assert. [-Wcpp]
 #warning  The xbasics_type.h file is deprecated and users should use xil_types.h and xil_assert.
  ^~~~~~~
../../ALU_Firmware_bsp/microblaze_0/include/xbasic_types.h:121:2: warning: #warning Please refer the Standalone BSP UG647 for further details [-Wcpp]
 #warning  Please refer the Standalone BSP UG647 for further details
  ^~~~~~~
'Finished building: ../src/Main.c'
' '
'Building target: ALU_Firmware.elf'
'Invoking: MicroBlaze gcc linker'
mb-gcc -Wl,-T -Wl,../src/lscript.ld -L../../ALU_Firmware_bsp/microblaze_0/lib -mlittle-endian -mcpu=v11.0 -mxl-soft-mul -Wl,--no-relax -Wl,--gc-sections -o "ALU_Firmware.elf"  ./src/Main.o   -Wl,--start-group,-lxil,-lgcc,-lc,--end-group
'Finished building target: ALU_Firmware.elf'
' '
'Invoking: MicroBlaze Print Size'
mb-size ALU_Firmware.elf  |tee "ALU_Firmware.elf.size"
   text	   data	    bss	    dec	    hex	filename
   9312	    652	   3132	  13096	   3328	ALU_Firmware.elf
'Finished building: ALU_Firmware.elf.size'
' '
11:59:51 **** Incremental Build of configuration Debug for project ALU_Firmware ****
make all 
'Building file: ../src/Main.c'
'Invoking: MicroBlaze gcc compiler'
mb-gcc -Wall -O0 -g3 -c -fmessage-length=0 -MT"src/Main.o" -I../../ALU_Firmware_bsp/microblaze_0/include -mlittle-endian -mcpu=v11.0 -mxl-soft-mul -Wl,--no-relax -ffunction-sections -fdata-sections -MMD -MP -MF"src/Main.d" -MT"src/Main.o" -o "src/Main.o" "../src/Main.c"
In file included from ../src/Main.c:8:
../../ALU_Firmware_bsp/microblaze_0/include/xbasic_types.h:120:2: warning: #warning The xbasics_type.h file is deprecated and users should use xil_types.h and xil_assert. [-Wcpp]
 #warning  The xbasics_type.h file is deprecated and users should use xil_types.h and xil_assert.
  ^~~~~~~
../../ALU_Firmware_bsp/microblaze_0/include/xbasic_types.h:121:2: warning: #warning Please refer the Standalone BSP UG647 for further details [-Wcpp]
 #warning  Please refer the Standalone BSP UG647 for further details
  ^~~~~~~
'Finished building: ../src/Main.c'
' '
'Building target: ALU_Firmware.elf'
'Invoking: MicroBlaze gcc linker'
mb-gcc -Wl,-T -Wl,../src/lscript.ld -L../../ALU_Firmware_bsp/microblaze_0/lib -mlittle-endian -mcpu=v11.0 -mxl-soft-mul -Wl,--no-relax -Wl,--gc-sections -o "ALU_Firmware.elf"  ./src/Main.o   -Wl,--start-group,-lxil,-lgcc,-lc,--end-group
'Finished building target: ALU_Firmware.elf'
' '
'Invoking: MicroBlaze Print Size'
mb-size ALU_Firmware.elf  |tee "ALU_Firmware.elf.size"
   text	   data	    bss	    dec	    hex	filename
   9304	    652	   3132	  13088	   3320	ALU_Firmware.elf
'Finished building: ALU_Firmware.elf.size'
' '
12:57:23 **** Auto Build of configuration Debug for project ALU_Firmware ****
make all 
'Building file: ../src/Main.c'
'Invoking: MicroBlaze gcc compiler'
mb-gcc -Wall -O0 -g3 -c -fmessage-length=0 -MT"src/Main.o" -I../../ALU_Firmware_bsp/microblaze_0/include -mlittle-endian -mcpu=v11.0 -mxl-soft-mul -Wl,--no-relax -ffunction-sections -fdata-sections -MMD -MP -MF"src/Main.d" -MT"src/Main.o" -o "src/Main.o" "../src/Main.c"
In file included from ../src/Main.c:8:
../../ALU_Firmware_bsp/microblaze_0/include/xbasic_types.h:120:2: warning: #warning The xbasics_type.h file is deprecated and users should use xil_types.h and xil_assert. [-Wcpp]
 #warning  The xbasics_type.h file is deprecated and users should use xil_types.h and xil_assert.
  ^~~~~~~
../../ALU_Firmware_bsp/microblaze_0/include/xbasic_types.h:121:2: warning: #warning Please refer the Standalone BSP UG647 for further details [-Wcpp]
 #warning  Please refer the Standalone BSP UG647 for further details
  ^~~~~~~
'Finished building: ../src/Main.c'
' '
'Building target: ALU_Firmware.elf'
'Invoking: MicroBlaze gcc linker'
mb-gcc -Wl,-T -Wl,../src/lscript.ld -L../../ALU_Firmware_bsp/microblaze_0/lib -mlittle-endian -mcpu=v11.0 -mxl-soft-mul -Wl,--no-relax -Wl,--gc-sections -o "ALU_Firmware.elf"  ./src/Main.o   -Wl,--start-group,-lxil,-lgcc,-lc,--end-group
'Finished building target: ALU_Firmware.elf'
' '
'Invoking: MicroBlaze Print Size'
mb-size ALU_Firmware.elf  |tee "ALU_Firmware.elf.size"
   text	   data	    bss	    dec	    hex	filename
   9304	    652	   3132	  13088	   3320	ALU_Firmware.elf
'Finished building: ALU_Firmware.elf.size'
' '
